Archive member included to satisfy reference by file (symbol)

C:/ST/STM32CubeIDE_1.14.0/STM32CubeIDE/plugins/com.st.stm32cube.ide.mcu.externaltools.gnu-tools-for-stm32.11.3.rel1.win32_1.1.100.202309141235/tools/bin/../lib/gcc/arm-none-eabi/11.3.1/../../../../arm-none-eabi/lib/thumb/v7e-m+fp/hard\libc_nano.a(libc_a-exit.o)
                              C:/ST/STM32CubeIDE_1.14.0/STM32CubeIDE/plugins/com.st.stm32cube.ide.mcu.externaltools.gnu-tools-for-stm32.11.3.rel1.win32_1.1.100.202309141235/tools/bin/../lib/gcc/arm-none-eabi/11.3.1/../../../../arm-none-eabi/lib/thumb/v7e-m+fp/hard/crt0.o (exit)
C:/ST/STM32CubeIDE_1.14.0/STM32CubeIDE/plugins/com.st.stm32cube.ide.mcu.externaltools.gnu-tools-for-stm32.11.3.rel1.win32_1.1.100.202309141235/tools/bin/../lib/gcc/arm-none-eabi/11.3.1/../../../../arm-none-eabi/lib/thumb/v7e-m+fp/hard\libc_nano.a(libc_a-nano-vfprintf_float.o)
                              (_printf_float)
C:/ST/STM32CubeIDE_1.14.0/STM32CubeIDE/plugins/com.st.stm32cube.ide.mcu.externaltools.gnu-tools-for-stm32.11.3.rel1.win32_1.1.100.202309141235/tools/bin/../lib/gcc/arm-none-eabi/11.3.1/../../../../arm-none-eabi/lib/thumb/v7e-m+fp/hard\libc_nano.a(libc_a-nano-vfprintf_i.o)
                              C:/ST/STM32CubeIDE_1.14.0/STM32CubeIDE/plugins/com.st.stm32cube.ide.mcu.externaltools.gnu-tools-for-stm32.11.3.rel1.win32_1.1.100.202309141235/tools/bin/../lib/gcc/arm-none-eabi/11.3.1/../../../../arm-none-eabi/lib/thumb/v7e-m+fp/hard\libc_nano.a(libc_a-nano-vfprintf_float.o) (_printf_common)
C:/ST/STM32CubeIDE_1.14.0/STM32CubeIDE/plugins/com.st.stm32cube.ide.mcu.externaltools.gnu-tools-for-stm32.11.3.rel1.win32_1.1.100.202309141235/tools/bin/../lib/gcc/arm-none-eabi/11.3.1/../../../../arm-none-eabi/lib/thumb/v7e-m+fp/hard\libc_nano.a(libc_a-fflush.o)
                              ./BlueNRG_MS/App/sample_service.o (fflush)
C:/ST/STM32CubeIDE_1.14.0/STM32CubeIDE/plugins/com.st.stm32cube.ide.mcu.externaltools.gnu-tools-for-stm32.11.3.rel1.win32_1.1.100.202309141235/tools/bin/../lib/gcc/arm-none-eabi/11.3.1/../../../../arm-none-eabi/lib/thumb/v7e-m+fp/hard\libc_nano.a(libc_a-findfp.o)
                              C:/ST/STM32CubeIDE_1.14.0/STM32CubeIDE/plugins/com.st.stm32cube.ide.mcu.externaltools.gnu-tools-for-stm32.11.3.rel1.win32_1.1.100.202309141235/tools/bin/../lib/gcc/arm-none-eabi/11.3.1/../../../../arm-none-eabi/lib/thumb/v7e-m+fp/hard\libc_nano.a(libc_a-fflush.o) (__sinit)
C:/ST/STM32CubeIDE_1.14.0/STM32CubeIDE/plugins/com.st.stm32cube.ide.mcu.externaltools.gnu-tools-for-stm32.11.3.rel1.win32_1.1.100.202309141235/tools/bin/../lib/gcc/arm-none-eabi/11.3.1/../../../../arm-none-eabi/lib/thumb/v7e-m+fp/hard\libc_nano.a(libc_a-fwalk.o)
                              C:/ST/STM32CubeIDE_1.14.0/STM32CubeIDE/plugins/com.st.stm32cube.ide.mcu.externaltools.gnu-tools-for-stm32.11.3.rel1.win32_1.1.100.202309141235/tools/bin/../lib/gcc/arm-none-eabi/11.3.1/../../../../arm-none-eabi/lib/thumb/v7e-m+fp/hard\libc_nano.a(libc_a-fflush.o) (_fwalk_sglue)
C:/ST/STM32CubeIDE_1.14.0/STM32CubeIDE/plugins/com.st.stm32cube.ide.mcu.externaltools.gnu-tools-for-stm32.11.3.rel1.win32_1.1.100.202309141235/tools/bin/../lib/gcc/arm-none-eabi/11.3.1/../../../../arm-none-eabi/lib/thumb/v7e-m+fp/hard\libc_nano.a(libc_a-printf.o)
                              ./BlueNRG_MS/App/app_bluenrg_ms.o (printf)
C:/ST/STM32CubeIDE_1.14.0/STM32CubeIDE/plugins/com.st.stm32cube.ide.mcu.externaltools.gnu-tools-for-stm32.11.3.rel1.win32_1.1.100.202309141235/tools/bin/../lib/gcc/arm-none-eabi/11.3.1/../../../../arm-none-eabi/lib/thumb/v7e-m+fp/hard\libc_nano.a(libc_a-putchar.o)
                              ./BlueNRG_MS/App/sample_service.o (putchar)
C:/ST/STM32CubeIDE_1.14.0/STM32CubeIDE/plugins/com.st.stm32cube.ide.mcu.externaltools.gnu-tools-for-stm32.11.3.rel1.win32_1.1.100.202309141235/tools/bin/../lib/gcc/arm-none-eabi/11.3.1/../../../../arm-none-eabi/lib/thumb/v7e-m+fp/hard\libc_nano.a(libc_a-puts.o)
                              ./BlueNRG_MS/App/app_bluenrg_ms.o (puts)
C:/ST/STM32CubeIDE_1.14.0/STM32CubeIDE/plugins/com.st.stm32cube.ide.mcu.externaltools.gnu-tools-for-stm32.11.3.rel1.win32_1.1.100.202309141235/tools/bin/../lib/gcc/arm-none-eabi/11.3.1/../../../../arm-none-eabi/lib/thumb/v7e-m+fp/hard\libc_nano.a(libc_a-sprintf.o)
                              ./BlueNRG_MS/App/app_bluenrg_ms.o (sprintf)
C:/ST/STM32CubeIDE_1.14.0/STM32CubeIDE/plugins/com.st.stm32cube.ide.mcu.externaltools.gnu-tools-for-stm32.11.3.rel1.win32_1.1.100.202309141235/tools/bin/../lib/gcc/arm-none-eabi/11.3.1/../../../../arm-none-eabi/lib/thumb/v7e-m+fp/hard\libc_nano.a(libc_a-stdio.o)
                              C:/ST/STM32CubeIDE_1.14.0/STM32CubeIDE/plugins/com.st.stm32cube.ide.mcu.externaltools.gnu-tools-for-stm32.11.3.rel1.win32_1.1.100.202309141235/tools/bin/../lib/gcc/arm-none-eabi/11.3.1/../../../../arm-none-eabi/lib/thumb/v7e-m+fp/hard\libc_nano.a(libc_a-findfp.o) (__sread)
[...]
Memory Configuration

Name             Origin             Length             Attributes
RAM              0x0000000020000000 0x0000000000018000 xrw
FLASH            0x0000000008000000 0x0000000000080000 xr
*default*        0x0000000000000000 0xffffffffffffffff

Linker script and memory map

LOAD C:/ST/STM32CubeIDE_1.14.0/STM32CubeIDE/plugins/com.st.stm32cube.ide.mcu.externaltools.gnu-tools-for-stm32.11.3.rel1.win32_1.1.100.202309141235/tools/bin/../lib/gcc/arm-none-eabi/11.3.1/thumb/v7e-m+fp/hard/crti.o
LOAD C:/ST/STM32CubeIDE_1.14.0/STM32CubeIDE/plugins/com.st.stm32cube.ide.mcu.externaltools.gnu-tools-for-stm32.11.3.rel1.win32_1.1.100.202309141235/tools/bin/../lib/gcc/arm-none-eabi/11.3.1/thumb/v7e-m+fp/hard/crtbegin.o
LOAD C:/ST/STM32CubeIDE_1.14.0/STM32CubeIDE/plugins/com.st.stm32cube.ide.mcu.externaltools.gnu-tools-for-stm32.11.3.rel1.win32_1.1.100.202309141235/tools/bin/../lib/gcc/arm-none-eabi/11.3.1/../../../../arm-none-eabi/lib/thumb/v7e-m+fp/hard/crt0.o
LOAD ./BlueNRG_MS/App/app_bluenrg_ms.o
LOAD ./BlueNRG_MS/App/sample_service.o
LOAD ./BlueNRG_MS/Target/hci_tl_interface.o
LOAD ./Core/Src/AS7421.o
LOAD ./Core/Src/gpio.o
LOAD ./Core/Src/i2c.o
LOAD ./Core/Src/main.o
LOAD ./Core/Src/mux.o
LOAD ./Core/Src/stm32f4xx_hal_msp.o
LOAD ./Core/Src/stm32f4xx_it.o
LOAD ./Core/Src/stm32f4xx_nucleo_bus.o
LOAD ./Core/Src/syscalls.o
LOAD ./Core/Src/sysmem.o
LOAD ./Core/Src/system_stm32f4xx.o
LOAD ./Core/Src/uart.o
LOAD ./Core/Startup/startup_stm32f401retx.o
LOAD ./Drivers/BSP/STM32F4xx_Nucleo/stm32f4xx_nucleo.o
LOAD ./Drivers/STM32F4xx_HAL_Driver/Src/stm32f4xx_hal.o
LOAD ./Drivers/STM32F4xx_HAL_Driver/Src/stm32f4xx_hal_cortex.o
LOAD ./Drivers/STM32F4xx_HAL_Driver/Src/stm32f4xx_hal_dma.o
LOAD ./Drivers/STM32F4xx_HAL_Driver/Src/stm32f4xx_hal_dma_ex.o
LOAD ./Drivers/STM32F4xx_HAL_Driver/Src/stm32f4xx_hal_exti.o
LOAD ./Drivers/STM32F4xx_HAL_Driver/Src/stm32f4xx_hal_flash.o
LOAD ./Drivers/STM32F4xx_HAL_Driver/Src/stm32f4xx_hal_flash_ex.o
LOAD ./Drivers/STM32F4xx_HAL_Driver/Src/stm32f4xx_hal_flash_ramfunc.o
LOAD ./Drivers/STM32F4xx_HAL_Driver/Src/stm32f4xx_hal_gpio.o
LOAD ./Drivers/STM32F4xx_HAL_Driver/Src/stm32f4xx_hal_pwr.o
LOAD ./Drivers/STM32F4xx_HAL_Driver/Src/stm32f4xx_hal_pwr_ex.o
LOAD ./Drivers/STM32F4xx_HAL_Driver/Src/stm32f4xx_hal_rcc.o
LOAD ./Drivers/STM32F4xx_HAL_Driver/Src/stm32f4xx_hal_rcc_ex.o
LOAD ./Drivers/STM32F4xx_HAL_Driver/Src/stm32f4xx_hal_spi.o
LOAD ./Drivers/STM32F4xx_HAL_Driver/Src/stm32f4xx_hal_tim.o
LOAD ./Drivers/STM32F4xx_HAL_Driver/Src/stm32f4xx_hal_tim_ex.o
LOAD ./Drivers/STM32F4xx_HAL_Driver/Src/stm32f4xx_hal_uart.o
LOAD ./Middlewares/ST/BlueNRG-MS/hci/controller/bluenrg_gap_aci.o
LOAD ./Middlewares/ST/BlueNRG-MS/hci/controller/bluenrg_gatt_aci.o
LOAD ./Middlewares/ST/BlueNRG-MS/hci/controller/bluenrg_hal_aci.o
LOAD ./Middlewares/ST/BlueNRG-MS/hci/controller/bluenrg_l2cap_aci.o
LOAD ./Middlewares/ST/BlueNRG-MS/hci/controller/bluenrg_updater_aci.o
LOAD ./Middlewares/ST/BlueNRG-MS/hci/controller/bluenrg_utils_small.o
LOAD ./Middlewares/ST/BlueNRG-MS/hci/hci_le.o
LOAD ./Middlewares/ST/BlueNRG-MS/hci/hci_tl_patterns/Basic/hci_tl.o
LOAD ./Middlewares/ST/BlueNRG-MS/utils/ble_list.o
START GROUP
LOAD C:/ST/STM32CubeIDE_1.14.0/STM32CubeIDE/plugins/com.st.stm32cube.ide.mcu.externaltools.gnu-tools-for-stm32.11.3.rel1.win32_1.1.100.202309141235/tools/bin/../lib/gcc/arm-none-eabi/11.3.1/../../../../arm-none-eabi/lib/thumb/v7e-m+fp/hard\libc_nano.a
LOAD C:/ST/STM32CubeIDE_1.14.0/STM32CubeIDE/plugins/com.st.stm32cube.ide.mcu.externaltools.gnu-tools-for-stm32.11.3.rel1.win32_1.1.100.202309141235/tools/bin/../lib/gcc/arm-none-eabi/11.3.1/../../../../arm-none-eabi/lib/thumb/v7e-m+fp/hard\libm.a
END GROUP
START GROUP
LOAD C:/ST/STM32CubeIDE_1.14.0/STM32CubeIDE/plugins/com.st.stm32cube.ide.mcu.externaltools.gnu-tools-for-stm32.11.3.rel1.win32_1.1.100.202309141235/tools/bin/../lib/gcc/arm-none-eabi/11.3.1/thumb/v7e-m+fp/hard\libgcc.a
LOAD C:/ST/STM32CubeIDE_1.14.0/STM32CubeIDE/plugins/com.st.stm32cube.ide.mcu.externaltools.gnu-tools-for-stm32.11.3.rel1.win32_1.1.100.202309141235/tools/bin/../lib/gcc/arm-none-eabi/11.3.1/../../../../arm-none-eabi/lib/thumb/v7e-m+fp/hard\libc_nano.a
END GROUP
START GROUP
LOAD C:/ST/STM32CubeIDE_1.14.0/STM32CubeIDE/plugins/com.st.stm32cube.ide.mcu.externaltools.gnu-tools-for-stm32.11.3.rel1.win32_1.1.100.202309141235/tools/bin/../lib/gcc/arm-none-eabi/11.3.1/thumb/v7e-m+fp/hard\libgcc.a
LOAD C:/ST/STM32CubeIDE_1.14.0/STM32CubeIDE/plugins/com.st.stm32cube.ide.mcu.externaltools.gnu-tools-for-stm32.11.3.rel1.win32_1.1.100.202309141235/tools/bin/../lib/gcc/arm-none-eabi/11.3.1/../../../../arm-none-eabi/lib/thumb/v7e-m+fp/hard\libc_nano.a
LOAD C:/ST/STM32CubeIDE_1.14.0/STM32CubeIDE/plugins/com.st.stm32cube.ide.mcu.externaltools.gnu-tools-for-stm32.11.3.rel1.win32_1.1.100.202309141235/tools/bin/../lib/gcc/arm-none-eabi/11.3.1/../../../../arm-none-eabi/lib/thumb/v7e-m+fp/hard\libnosys.a
END GROUP
START GROUP
LOAD C:/ST/STM32CubeIDE_1.14.0/STM32CubeIDE/plugins/com.st.stm32cube.ide.mcu.externaltools.gnu-tools-for-stm32.11.3.rel1.win32_1.1.100.202309141235/tools/bin/../lib/gcc/arm-none-eabi/11.3.1/thumb/v7e-m+fp/hard\libgcc.a
LOAD C:/ST/STM32CubeIDE_1.14.0/STM32CubeIDE/plugins/com.st.stm32cube.ide.mcu.externaltools.gnu-tools-for-stm32.11.3.rel1.win32_1.1.100.202309141235/tools/bin/../lib/gcc/arm-none-eabi/11.3.1/../../../../arm-none-eabi/lib/thumb/v7e-m+fp/hard\libc_nano.a
LOAD C:/ST/STM32CubeIDE_1.14.0/STM32CubeIDE/plugins/com.st.stm32cube.ide.mcu.externaltools.gnu-tools-for-stm32.11.3.rel1.win32_1.1.100.202309141235/tools/bin/../lib/gcc/arm-none-eabi/11.3.1/../../../../arm-none-eabi/lib/thumb/v7e-m+fp/hard\libnosys.a
END GROUP
LOAD C:/ST/STM32CubeIDE_1.14.0/STM32CubeIDE/plugins/com.st.stm32cube.ide.mcu.externaltools.gnu-tools-for-stm32.11.3.rel1.win32_1.1.100.202309141235/tools/bin/../lib/gcc/arm-none-eabi/11.3.1/thumb/v7e-m+fp/hard/crtend.o
LOAD C:/ST/STM32CubeIDE_1.14.0/STM32CubeIDE/plugins/com.st.stm32cube.ide.mcu.externaltools.gnu-tools-for-stm32.11.3.rel1.win32_1.1.100.202309141235/tools/bin/../lib/gcc/arm-none-eabi/11.3.1/thumb/v7e-m+fp/hard/crtn.o
                0x0000000020018000                _estack = (ORIGIN (RAM) + LENGTH (RAM))
                0x0000000000000200                _Min_Heap_Size = 0x200
                0x0000000000000400                _Min_Stack_Size = 0x400

.isr_vector     0x0000000008000000      0x194
                0x0000000008000000                . = ALIGN (0x4)
 *(.isr_vector)
 .isr_vector    0x0000000008000000      0x194 ./Core/Startup/startup_stm32f401retx.o
                0x0000000008000000                g_pfnVectors
                0x0000000008000194                . = ALIGN (0x4)

.text           0x00000000080001a0     0xa120
                0x00000000080001a0                . = ALIGN (0x4)
 *(.text)
 .text          0x00000000080001a0       0x40 C:/ST/STM32CubeIDE_1.14.0/STM32CubeIDE/plugins/com.st.stm32cube.ide.mcu.externaltools.gnu-tools-for-stm32.11.3.rel1.win32_1.1.100.202309141235/tools/bin/../lib/gcc/arm-none-eabi/11.3.1/thumb/v7e-m+fp/hard/crtbegin.o
 .text          0x00000000080001e0       0xa0 C:/ST/STM32CubeIDE_1.14.0/STM32CubeIDE/plugins/com.st.stm32cube.ide.mcu.externaltools.gnu-tools-for-stm32.11.3.rel1.win32_1.1.100.202309141235/tools/bin/../lib/gcc/arm-none-eabi/11.3.1/../../../../arm-none-eabi/lib/thumb/v7e-m+fp/hard\libc_nano.a(libc_a-memchr.o)
                0x00000000080001e0                memchr
 .text          0x0000000008000280       0x10 C:/ST/STM32CubeIDE_1.14.0/STM32CubeIDE/plugins/com.st.stm32cube.ide.mcu.externaltools.gnu-tools-for-stm32.11.3.rel1.win32_1.1.100.202309141235/tools/bin/../lib/gcc/arm-none-eabi/11.3.1/../../../../arm-none-eabi/lib/thumb/v7e-m+fp/hard\libc_nano.a(libc_a-strlen.o)
                0x0000000008000280                strlen
 .text          0x0000000008000290      0x378 C:/ST/STM32CubeIDE_1.14.0/STM32CubeIDE/plugins/com.st.stm32cube.ide.mcu.externaltools.gnu-tools-for-stm32.11.3.rel1.win32_1.1.100.202309141235/tools/bin/../lib/gcc/arm-none-eabi/11.3.1/thumb/v7e-m+fp/hard\libgcc.a(_arm_addsubdf3.o)
                0x0000000008000290                __aeabi_drsub
                0x0000000008000298                __aeabi_dsub
                0x0000000008000298                __subdf3
                0x000000000800029c                __aeabi_dadd
                0x000000000800029c                __adddf3
                0x0000000008000514                __floatunsidf
                0x0000000008000514                __aeabi_ui2d
                0x0000000008000534                __floatsidf
                0x0000000008000534                __aeabi_i2d
                0x0000000008000558                __aeabi_f2d
                0x0000000008000558                __extendsfdf2
                0x000000000800059c                __floatundidf
                0x000000000800059c                __aeabi_ul2d
                0x00000000080005ac                __floatdidf
                0x00000000080005ac                __aeabi_l2d
 .text          0x0000000008000608      0x424 C:/ST/STM32CubeIDE_1.14.0/STM32CubeIDE/plugins/com.st.stm32cube.ide.mcu.externaltools.gnu-tools-for-stm32.11.3.rel1.win32_1.1.100.202309141235/tools/bin/../lib/gcc/arm-none-eabi/11.3.1/thumb/v7e-m+fp/hard\libgcc.a(_arm_muldivdf3.o)
                0x0000000008000608                __aeabi_dmul
                0x0000000008000608                __muldf3
                0x000000000800085c                __divdf3
                0x000000000800085c                __aeabi_ddiv
 .text          0x0000000008000a2c      0x110 C:/ST/STM32CubeIDE_1.14.0/STM32CubeIDE/plugins/com.st.stm32cube.ide.mcu.externaltools.gnu-tools-for-stm32.11.3.rel1.win32_1.1.100.202309141235/tools/bin/../lib/gcc/arm-none-eabi/11.3.1/thumb/v7e-m+fp/hard\libgcc.a(_arm_cmpdf2.o)
                0x0000000008000a2c                __gtdf2
                0x0000000008000a2c                __gedf2
                0x0000000008000a34                __ltdf2
                0x0000000008000a34                __ledf2
                0x0000000008000a3c                __nedf2
                0x0000000008000a3c                __eqdf2
                0x0000000008000a3c                __cmpdf2
                0x0000000008000ab8                __aeabi_cdrcmple
                0x0000000008000ac8                __aeabi_cdcmpeq
                0x0000000008000ac8                __aeabi_cdcmple
                0x0000000008000ad8                __aeabi_dcmpeq
                0x0000000008000aec                __aeabi_dcmplt
                0x0000000008000b00                __aeabi_dcmple
                0x0000000008000b14                __aeabi_dcmpge
                0x0000000008000b28                __aeabi_dcmpgt
 .text          0x0000000008000b3c       0x2c C:/ST/STM32CubeIDE_1.14.0/STM32CubeIDE/plugins/com.st.stm32cube.ide.mcu.externaltools.gnu-tools-for-stm32.11.3.rel1.win32_1.1.100.202309141235/tools/bin/../lib/gcc/arm-none-eabi/11.3.1/thumb/v7e-m+fp/hard\libgcc.a(_arm_unorddf2.o)
                0x0000000008000b3c                __unorddf2
                0x0000000008000b3c                __aeabi_dcmpun
 .text          0x0000000008000b68       0x50 C:/ST/STM32CubeIDE_1.14.0/STM32CubeIDE/plugins/com.st.stm32cube.ide.mcu.externaltools.gnu-tools-for-stm32.11.3.rel1.win32_1.1.100.202309141235/tools/bin/../lib/gcc/arm-none-eabi/11.3.1/thumb/v7e-m+fp/hard\libgcc.a(_arm_fixdfsi.o)
                0x0000000008000b68                __aeabi_d2iz
                0x0000000008000b68                __fixdfsi
 .text          0x0000000008000bb8       0x30 C:/ST/STM32CubeIDE_1.14.0/STM32CubeIDE/plugins/com.st.stm32cube.ide.mcu.externaltools.gnu-tools-for-stm32.11.3.rel1.win32_1.1.100.202309141235/tools/bin/../lib/gcc/arm-none-eabi/11.3.1/thumb/v7e-m+fp/hard\libgcc.a(_aeabi_uldivmod.o)
                0x0000000008000bb8                __aeabi_uldivmod
 .text          0x0000000008000be8      0x2c8 C:/ST/STM32CubeIDE_1.14.0/STM32CubeIDE/plugins/com.st.stm32cube.ide.mcu.externaltools.gnu-tools-for-stm32.11.3.rel1.win32_1.1.100.202309141235/tools/bin/../lib/gcc/arm-none-eabi/11.3.1/thumb/v7e-m+fp/hard\libgcc.a(_udivmoddi4.o)
                0x0000000008000be8                __udivmoddi4
 .text          0x0000000008000eb0        0x4 C:/ST/STM32CubeIDE_1.14.0/STM32CubeIDE/plugins/com.st.stm32cube.ide.mcu.externaltools.gnu-tools-for-stm32.11.3.rel1.win32_1.1.100.202309141235/tools/bin/../lib/gcc/arm-none-eabi/11.3.1/thumb/v7e-m+fp/hard\libgcc.a(_dvmd_tls.o)
                0x0000000008000eb0                __aeabi_idiv0
                0x0000000008000eb0                __aeabi_ldiv0
 *(.text*)
 .text.MX_BlueNRG_MS_Init
                0x0000000008000eb4      0x184 ./BlueNRG_MS/App/app_bluenrg_ms.o
                0x0000000008000eb4                MX_BlueNRG_MS_Init
 .text.MX_BlueNRG_MS_Process
                0x0000000008001038       0x1a ./BlueNRG_MS/App/app_bluenrg_ms.o
                0x0000000008001038                MX_BlueNRG_MS_Process
 .text.User_Init
                0x0000000008001052       0x1c ./BlueNRG_MS/App/app_bluenrg_ms.o
 *fill*         0x000000000800106e        0x2 
 .text.User_Process
                0x0000000008001070      0x108 ./BlueNRG_MS/App/app_bluenrg_ms.o
 .text.BSP_PB_Callback
                0x0000000008001178       0x20 ./BlueNRG_MS/App/app_bluenrg_ms.o
                0x0000000008001178                BSP_PB_Callback
 .text.Add_Sample_Service
                0x0000000008001198       0xe4 ./BlueNRG_MS/App/sample_service.o
                0x0000000008001198                Add_Sample_Service
 .text.Make_Connection
                0x000000000800127c       0x5c ./BlueNRG_MS/App/sample_service.o
                0x000000000800127c                Make_Connection
 .text.receiveData
                0x00000000080012d8       0x4c ./BlueNRG_MS/App/sample_service.o
                0x00000000080012d8                receiveData
 .text.sendData
                0x0000000008001324       0x60 ./BlueNRG_MS/App/sample_service.o
                0x0000000008001324                sendData
 .text.Attribute_Modified_CB
                0x0000000008001384       0x58 ./BlueNRG_MS/App/sample_service.o
                0x0000000008001384                Attribute_Modified_CB
 .text.GAP_ConnectionComplete_CB
                0x00000000080013dc       0x68 ./BlueNRG_MS/App/sample_service.o
                0x00000000080013dc                GAP_ConnectionComplete_CB
 .text.GAP_DisconnectionComplete_CB
                0x0000000008001444       0x58 ./BlueNRG_MS/App/sample_service.o
                0x0000000008001444                GAP_DisconnectionComplete_CB
 .text.GATT_Notification_CB
                0x000000000800149c       0x34 ./BlueNRG_MS/App/sample_service.o
                0x000000000800149c                GATT_Notification_CB
 .text.user_notify
                0x00000000080014d0      0x218 ./BlueNRG_MS/App/sample_service.o
                0x00000000080014d0                user_notify
 .text.HCI_TL_SPI_Init
                0x00000000080016e8       0x90 ./BlueNRG_MS/Target/hci_tl_interface.o
                0x00000000080016e8                HCI_TL_SPI_Init
 .text.HCI_TL_SPI_DeInit
                0x0000000008001778       0x28 ./BlueNRG_MS/Target/hci_tl_interface.o
                0x0000000008001778                HCI_TL_SPI_DeInit
 .text.HCI_TL_SPI_Reset
                0x00000000080017a0       0x3c ./BlueNRG_MS/Target/hci_tl_interface.o
                0x00000000080017a0                HCI_TL_SPI_Reset
 .text.HCI_TL_SPI_Receive
                0x00000000080017dc       0xb4 ./BlueNRG_MS/Target/hci_tl_interface.o
                0x00000000080017dc                HCI_TL_SPI_Receive
 .text.HCI_TL_SPI_Send
                0x0000000008001890       0xa8 ./BlueNRG_MS/Target/hci_tl_interface.o
                0x0000000008001890                HCI_TL_SPI_Send
 .text.IsDataAvailable
                0x0000000008001938       0x20 ./BlueNRG_MS/Target/hci_tl_interface.o
 .text.hci_tl_lowlevel_init
                0x0000000008001958       0x74 ./BlueNRG_MS/Target/hci_tl_interface.o
                0x0000000008001958                hci_tl_lowlevel_init
 .text.hci_tl_lowlevel_isr
                0x00000000080019cc       0x22 ./BlueNRG_MS/Target/hci_tl_interface.o
                0x00000000080019cc                hci_tl_lowlevel_isr
 .text.AS7421_readRegister
                0x00000000080019ee       0x26 ./Core/Src/AS7421.o
 .text.AS7421_readRegisters
                0x0000000008001a14       0x24 ./Core/Src/AS7421.o
 .text.AS7421_writeRegister
                0x0000000008001a38       0x86 ./Core/Src/AS7421.o
 .text.AS7421_writeRegisters
                0x0000000008001abe       0x24 ./Core/Src/AS7421.o
 .text.byteSwap16
                0x0000000008001ae2       0x2a ./Core/Src/AS7421.o
 .text.fpu_enable
                0x0000000008001b0c       0x54 ./Core/Src/AS7421.o
                0x0000000008001b0c                fpu_enable
 .text.isConnected
                0x0000000008001b60       0xa0 ./Core/Src/AS7421.o
                0x0000000008001b60                isConnected
 .text.initialize
                0x0000000008001c00       0x6a ./Core/Src/AS7421.o
                0x0000000008001c00                initialize
 *fill*         0x0000000008001c6a        0x2 
 .text.startup  0x0000000008001c6c       0x50 ./Core/Src/AS7421.o
                0x0000000008001c6c                startup
 .text.performMeasurements
                0x0000000008001cbc       0x3e ./Core/Src/AS7421.o
                0x0000000008001cbc                performMeasurements
 .text.configueLEDWait
                0x0000000008001cfa       0x3e ./Core/Src/AS7421.o
                0x0000000008001cfa                configueLEDWait
 .text.setInterLED
                0x0000000008001d38       0x1c ./Core/Src/AS7421.o
                0x0000000008001d38                setInterLED
 .text.configureWaitCycle
                0x0000000008001d54       0x3e ./Core/Src/AS7421.o
                0x0000000008001d54                configureWaitCycle
 *fill*         0x0000000008001d92        0x2 
 .text.setWaitTime
                0x0000000008001d94       0x60 ./Core/Src/AS7421.o
                0x0000000008001d94                setWaitTime
 .text.setLTF_CCOUNT
                0x0000000008001df4       0x40 ./Core/Src/AS7421.o
                0x0000000008001df4                setLTF_CCOUNT
 .text.configureLEDAuto
                0x0000000008001e34       0x4e ./Core/Src/AS7421.o
                0x0000000008001e34                configureLEDAuto
 *fill*         0x0000000008001e82        0x2 
 .text.setIntegrationTime
                0x0000000008001e84       0x60 ./Core/Src/AS7421.o
                0x0000000008001e84                setIntegrationTime
 .text.numMeasurements
                0x0000000008001ee4       0x1c ./Core/Src/AS7421.o
                0x0000000008001ee4                numMeasurements
 .text.setIntegrationMode
                0x0000000008001f00       0x48 ./Core/Src/AS7421.o
                0x0000000008001f00                setIntegrationMode
 .text.configureAutozero
                0x0000000008001f48       0xae ./Core/Src/AS7421.o
                0x0000000008001f48                configureAutozero
 .text.powerup  0x0000000008001ff6       0x42 ./Core/Src/AS7421.o
                0x0000000008001ff6                powerup
 .text.sleep    0x0000000008002038       0x2a ./Core/Src/AS7421.o
                0x0000000008002038                sleep
 .text.writeRAMData
                0x0000000008002062      0x1e4 ./Core/Src/AS7421.o
                0x0000000008002062                writeRAMData
 .text.zeroSMUX
                0x0000000008002246       0x5e ./Core/Src/AS7421.o
                0x0000000008002246                zeroSMUX
 .text.setSMUX  0x00000000080022a4       0x2c ./Core/Src/AS7421.o
                0x00000000080022a4                setSMUX
 .text.setSMUX_A
                0x00000000080022d0       0x1a ./Core/Src/AS7421.o
                0x00000000080022d0                setSMUX_A
 .text.setSMUX_B
                0x00000000080022ea       0x1a ./Core/Src/AS7421.o
                0x00000000080022ea                setSMUX_B
 .text.setSMUX_C
                0x0000000008002304       0x1a ./Core/Src/AS7421.o
                0x0000000008002304                setSMUX_C
 .text.setSMUX_D
                0x000000000800231e       0x1a ./Core/Src/AS7421.o
                0x000000000800231e                setSMUX_D
 .text.configureSMUX
                0x0000000008002338       0x28 ./Core/Src/AS7421.o
                0x0000000008002338                configureSMUX
 .text.configureGain
                0x0000000008002360       0x9a ./Core/Src/AS7421.o
                0x0000000008002360                configureGain
 .text.configureLEDs
                0x00000000080023fa       0x8e ./Core/Src/AS7421.o
                0x00000000080023fa                configureLEDs
 .text.startMeasurements
                0x0000000008002488       0x46 ./Core/Src/AS7421.o
                0x0000000008002488                startMeasurements
 .text.measurementActive
                0x00000000080024ce       0x2a ./Core/Src/AS7421.o
                0x00000000080024ce                measurementActive
 .text.getMeasurementStatus
                0x00000000080024f8       0x48 ./Core/Src/AS7421.o
                0x00000000080024f8                getMeasurementStatus
 .text.recordChannelData
                0x0000000008002540       0x34 ./Core/Src/AS7421.o
                0x0000000008002540                recordChannelData
 .text.getChannel1
                0x0000000008002574       0x10 ./Core/Src/AS7421.o
                0x0000000008002574                getChannel1
 .text.getChannel48
                0x0000000008002584       0x10 ./Core/Src/AS7421.o
                0x0000000008002584                getChannel48
 .text.getChannel2
                0x0000000008002594       0x10 ./Core/Src/AS7421.o
                0x0000000008002594                getChannel2
 .text.getChannel34
                0x00000000080025a4       0x10 ./Core/Src/AS7421.o
                0x00000000080025a4                getChannel34
 .text.getChannel16
                0x00000000080025b4       0x10 ./Core/Src/AS7421.o
                0x00000000080025b4                getChannel16
 .text.getChannel32
                0x00000000080025c4       0x10 ./Core/Src/AS7421.o
                0x00000000080025c4                getChannel32
 .text.getChannel18
                0x00000000080025d4       0x10 ./Core/Src/AS7421.o
                0x00000000080025d4                getChannel18
 .text.getChannel51
                0x00000000080025e4       0x10 ./Core/Src/AS7421.o
                0x00000000080025e4                getChannel51
 .text.getChannel4
                0x00000000080025f4       0x10 ./Core/Src/AS7421.o
                0x00000000080025f4                getChannel4
 .text.getChannel49
                0x0000000008002604       0x10 ./Core/Src/AS7421.o
                0x0000000008002604                getChannel49
 .text.getChannel3
                0x0000000008002614       0x10 ./Core/Src/AS7421.o
                0x0000000008002614                getChannel3
 .text.getChannel35
                0x0000000008002624       0x10 ./Core/Src/AS7421.o
                0x0000000008002624                getChannel35
 .text.getChannel17
                0x0000000008002634       0x10 ./Core/Src/AS7421.o
                0x0000000008002634                getChannel17
 .text.getChannel33
                0x0000000008002644       0x10 ./Core/Src/AS7421.o
                0x0000000008002644                getChannel33
 .text.getChannel19
                0x0000000008002654       0x10 ./Core/Src/AS7421.o
                0x0000000008002654                getChannel19
 .text.getChannel54
                0x0000000008002664       0x10 ./Core/Src/AS7421.o
                0x0000000008002664                getChannel54
 .text.getChannel0
                0x0000000008002674       0x10 ./Core/Src/AS7421.o
                0x0000000008002674                getChannel0
 .text.getChannel13
                0x0000000008002684       0x10 ./Core/Src/AS7421.o
                0x0000000008002684                getChannel13
 .text.getChannel50
                0x0000000008002694       0x10 ./Core/Src/AS7421.o
                0x0000000008002694                getChannel50
 .text.getChannel63
                0x00000000080026a4       0x10 ./Core/Src/AS7421.o
                0x00000000080026a4                getChannel63
 .text.getChannel52
                0x00000000080026b4       0x10 ./Core/Src/AS7421.o
                0x00000000080026b4                getChannel52
 .text.getChannel6
                0x00000000080026c4       0x10 ./Core/Src/AS7421.o
                0x00000000080026c4                getChannel6
 .text.getChannel38
                0x00000000080026d4       0x10 ./Core/Src/AS7421.o
                0x00000000080026d4                getChannel38
 .text.getChannel20
                0x00000000080026e4       0x10 ./Core/Src/AS7421.o
                0x00000000080026e4                getChannel20
 .text.getChannel36
                0x00000000080026f4       0x10 ./Core/Src/AS7421.o
                0x00000000080026f4                getChannel36
 .text.getChannel22
                0x0000000008002704       0x10 ./Core/Src/AS7421.o
                0x0000000008002704                getChannel22
 .text.getChannel55
                0x0000000008002714       0x10 ./Core/Src/AS7421.o
                0x0000000008002714                getChannel55
 .text.getChannel5
                0x0000000008002724       0x10 ./Core/Src/AS7421.o
                0x0000000008002724                getChannel5
 .text.getChannel53
                0x0000000008002734       0x10 ./Core/Src/AS7421.o
                0x0000000008002734                getChannel53
 .text.getChannel7
                0x0000000008002744       0x10 ./Core/Src/AS7421.o
                0x0000000008002744                getChannel7
 .text.getChannel39
                0x0000000008002754       0x10 ./Core/Src/AS7421.o
                0x0000000008002754                getChannel39
 .text.getChannel21
                0x0000000008002764       0x10 ./Core/Src/AS7421.o
                0x0000000008002764                getChannel21
 .text.getChannel37
                0x0000000008002774       0x10 ./Core/Src/AS7421.o
                0x0000000008002774                getChannel37
 .text.getChannel23
                0x0000000008002784       0x10 ./Core/Src/AS7421.o
                0x0000000008002784                getChannel23
 .text.getChannel40
                0x0000000008002794       0x10 ./Core/Src/AS7421.o
                0x0000000008002794                getChannel40
 .text.getChannel26
                0x00000000080027a4       0x10 ./Core/Src/AS7421.o
                0x00000000080027a4                getChannel26
 .text.getChannel42
                0x00000000080027b4       0x10 ./Core/Src/AS7421.o
                0x00000000080027b4                getChannel42
 .text.getChannel24
                0x00000000080027c4       0x10 ./Core/Src/AS7421.o
                0x00000000080027c4                getChannel24
 .text.getChannel56
                0x00000000080027d4       0x10 ./Core/Src/AS7421.o
                0x00000000080027d4                getChannel56
 .text.getChannel10
                0x00000000080027e4       0x10 ./Core/Src/AS7421.o
                0x00000000080027e4                getChannel10
 .text.getChannel58
                0x00000000080027f4       0x10 ./Core/Src/AS7421.o
                0x00000000080027f4                getChannel58
 .text.getChannel8
                0x0000000008002804       0x10 ./Core/Src/AS7421.o
                0x0000000008002804                getChannel8
 .text.getChannel41
                0x0000000008002814       0x10 ./Core/Src/AS7421.o
                0x0000000008002814                getChannel41
 .text.getChannel27
                0x0000000008002824       0x10 ./Core/Src/AS7421.o
                0x0000000008002824                getChannel27
 .text.getChannel43
                0x0000000008002834       0x10 ./Core/Src/AS7421.o
                0x0000000008002834                getChannel43
 .text.getChannel25
                0x0000000008002844       0x10 ./Core/Src/AS7421.o
                0x0000000008002844                getChannel25
 .text.getChannel57
                0x0000000008002854       0x10 ./Core/Src/AS7421.o
                0x0000000008002854                getChannel57
 .text.getChannel11
                0x0000000008002864       0x10 ./Core/Src/AS7421.o
                0x0000000008002864                getChannel11
 .text.getChannel59
                0x0000000008002874       0x10 ./Core/Src/AS7421.o
                0x0000000008002874                getChannel59
 .text.getChannel9
                0x0000000008002884       0x10 ./Core/Src/AS7421.o
                0x0000000008002884                getChannel9
 .text.getChannel44
                0x0000000008002894       0x10 ./Core/Src/AS7421.o
                0x0000000008002894                getChannel44
 .text.getChannel30
                0x00000000080028a4       0x10 ./Core/Src/AS7421.o
                0x00000000080028a4                getChannel30
 .text.getChannel46
                0x00000000080028b4       0x10 ./Core/Src/AS7421.o
                0x00000000080028b4                getChannel46
 .text.getChannel28
                0x00000000080028c4       0x10 ./Core/Src/AS7421.o
                0x00000000080028c4                getChannel28
 .text.getChannel60
                0x00000000080028d4       0x10 ./Core/Src/AS7421.o
                0x00000000080028d4                getChannel60
 .text.getChannel14
                0x00000000080028e4       0x10 ./Core/Src/AS7421.o
                0x00000000080028e4                getChannel14
 .text.getChannel62
                0x00000000080028f4       0x10 ./Core/Src/AS7421.o
                0x00000000080028f4                getChannel62
 .text.getChannel12
                0x0000000008002904       0x10 ./Core/Src/AS7421.o
                0x0000000008002904                getChannel12
 .text.getChannel45
                0x0000000008002914       0x10 ./Core/Src/AS7421.o
                0x0000000008002914                getChannel45
 .text.getChannel31
                0x0000000008002924       0x10 ./Core/Src/AS7421.o
                0x0000000008002924                getChannel31
 .text.getChannel47
                0x0000000008002934       0x10 ./Core/Src/AS7421.o
                0x0000000008002934                getChannel47
 .text.getChannel29
                0x0000000008002944       0x10 ./Core/Src/AS7421.o
                0x0000000008002944                getChannel29
 .text.getChannel61
                0x0000000008002954       0x10 ./Core/Src/AS7421.o
                0x0000000008002954                getChannel61
 .text.getChannel15
                0x0000000008002964       0x10 ./Core/Src/AS7421.o
                0x0000000008002964                getChannel15
 .text.getAllSpectralData
                0x0000000008002974      0x388 ./Core/Src/AS7421.o
                0x0000000008002974                getAllSpectralData
 .text.recordTemperatures
                0x0000000008002cfc       0x34 ./Core/Src/AS7421.o
                0x0000000008002cfc                recordTemperatures
 .text.getTemp_IntA
                0x0000000008002d30       0x10 ./Core/Src/AS7421.o
                0x0000000008002d30                getTemp_IntA
 .text.getTemp_IntB
                0x0000000008002d40       0x10 ./Core/Src/AS7421.o
                0x0000000008002d40                getTemp_IntB
 .text.getTemp_IntC
                0x0000000008002d50       0x10 ./Core/Src/AS7421.o
                0x0000000008002d50                getTemp_IntC
 .text.getTemp_IntD
                0x0000000008002d60       0x10 ./Core/Src/AS7421.o
                0x0000000008002d60                getTemp_IntD
 .text.getAllTemperatureData
                0x0000000008002d70       0x40 ./Core/Src/AS7421.o
                0x0000000008002d70                getAllTemperatureData
 .text.GPIO_Init
                0x0000000008002db0       0x64 ./Core/Src/gpio.o
                0x0000000008002db0                GPIO_Init
 .text.UserBtn_Control
                0x0000000008002e14       0x38 ./Core/Src/gpio.o
                0x0000000008002e14                UserBtn_Control
 .text.I2C1_Init
                0x0000000008002e4c      0x148 ./Core/Src/i2c.o
                0x0000000008002e4c                I2C1_Init
 .text.I2C1_byteRead
                0x0000000008002f94       0xf4 ./Core/Src/i2c.o
                0x0000000008002f94                I2C1_byteRead
 .text.I2C1_burstRead
                0x0000000008003088      0x138 ./Core/Src/i2c.o
                0x0000000008003088                I2C1_burstRead
 .text.I2C1_burstWrite
                0x00000000080031c0       0xc4 ./Core/Src/i2c.o
                0x00000000080031c0                I2C1_burstWrite
 .text.main     0x0000000008003284      0x1e8 ./Core/Src/main.o
                0x0000000008003284                main
 .text.SystemClock_Config
                0x000000000800346c       0xd4 ./Core/Src/main.o
                0x000000000800346c                SystemClock_Config
 .text.MX_USART2_UART_Init
                0x0000000008003540       0x54 ./Core/Src/main.o
 .text.MX_GPIO_Init
                0x0000000008003594       0xfc ./Core/Src/main.o
 .text.Error_Handler
                0x0000000008003690        0xa ./Core/Src/main.o
                0x0000000008003690                Error_Handler
 .text.selectMux_and_control
                0x000000000800369a       0x86 ./Core/Src/mux.o
                0x000000000800369a                selectMux_and_control
 .text.enableChannel
                0x0000000008003720       0x20 ./Core/Src/mux.o
                0x0000000008003720                enableChannel
 .text.disableChannels
                0x0000000008003740       0x10 ./Core/Src/mux.o
                0x0000000008003740                disableChannels
 .text.HAL_MspInit
                0x0000000008003750       0x50 ./Core/Src/stm32f4xx_hal_msp.o
                0x0000000008003750                HAL_MspInit
 .text.HAL_UART_MspInit
                0x00000000080037a0       0x90 ./Core/Src/stm32f4xx_hal_msp.o
                0x00000000080037a0                HAL_UART_MspInit
 .text.NMI_Handler
                0x0000000008003830        0x6 ./Core/Src/stm32f4xx_it.o
                0x0000000008003830                NMI_Handler
 .text.HardFault_Handler
                0x0000000008003836        0x6 ./Core/Src/stm32f4xx_it.o
                0x0000000008003836                HardFault_Handler
 .text.MemManage_Handler
                0x000000000800383c        0x6 ./Core/Src/stm32f4xx_it.o
                0x000000000800383c                MemManage_Handler
 .text.BusFault_Handler
                0x0000000008003842        0x6 ./Core/Src/stm32f4xx_it.o
                0x0000000008003842                BusFault_Handler
 .text.UsageFault_Handler
                0x0000000008003848        0x6 ./Core/Src/stm32f4xx_it.o
                0x0000000008003848                UsageFault_Handler
 .text.SVC_Handler
                0x000000000800384e        0xe ./Core/Src/stm32f4xx_it.o
                0x000000000800384e                SVC_Handler
 .text.DebugMon_Handler
                0x000000000800385c        0xe ./Core/Src/stm32f4xx_it.o
                0x000000000800385c                DebugMon_Handler
 .text.PendSV_Handler
                0x000000000800386a        0xe ./Core/Src/stm32f4xx_it.o
                0x000000000800386a                PendSV_Handler
 .text.SysTick_Handler
                0x0000000008003878        0xc ./Core/Src/stm32f4xx_it.o
                0x0000000008003878                SysTick_Handler
 .text.EXTI0_IRQHandler
                0x0000000008003884       0x14 ./Core/Src/stm32f4xx_it.o
                0x0000000008003884                EXTI0_IRQHandler
 .text.EXTI15_10_IRQHandler
                0x0000000008003898       0x14 ./Core/Src/stm32f4xx_it.o
                0x0000000008003898                EXTI15_10_IRQHandler
 .text.BSP_SPI1_Init
                0x00000000080038ac       0x60 ./Core/Src/stm32f4xx_nucleo_bus.o
                0x00000000080038ac                BSP_SPI1_Init
 .text.BSP_SPI1_SendRecv
                0x000000000800390c       0x40 ./Core/Src/stm32f4xx_nucleo_bus.o
                0x000000000800390c                BSP_SPI1_SendRecv
 .text.BSP_GetTick
                0x000000000800394c        0xe ./Core/Src/stm32f4xx_nucleo_bus.o
                0x000000000800394c                BSP_GetTick
 *fill*         0x000000000800395a        0x2 
 .text.MX_SPI1_Init
                0x000000000800395c       0x78 ./Core/Src/stm32f4xx_nucleo_bus.o
                0x000000000800395c                MX_SPI1_Init
 .text.SPI1_MspInit
                0x00000000080039d4       0xd0 ./Core/Src/stm32f4xx_nucleo_bus.o
 .text._getpid  0x0000000008003aa4       0x10 ./Core/Src/syscalls.o
                0x0000000008003aa4                _getpid
 .text._kill    0x0000000008003ab4       0x20 ./Core/Src/syscalls.o
                0x0000000008003ab4                _kill
 .text._exit    0x0000000008003ad4       0x14 ./Core/Src/syscalls.o
                0x0000000008003ad4                _exit
 .text._read    0x0000000008003ae8       0x3a ./Core/Src/syscalls.o
                0x0000000008003ae8                _read
 .text._write   0x0000000008003b22       0x38 ./Core/Src/syscalls.o
                0x0000000008003b22                _write
 .text._close   0x0000000008003b5a       0x18 ./Core/Src/syscalls.o
                0x0000000008003b5a                _close
 .text._fstat   0x0000000008003b72       0x20 ./Core/Src/syscalls.o
                0x0000000008003b72                _fstat
 .text._isatty  0x0000000008003b92       0x16 ./Core/Src/syscalls.o
                0x0000000008003b92                _isatty
 .text._lseek   0x0000000008003ba8       0x1a ./Core/Src/syscalls.o
                0x0000000008003ba8                _lseek
 *fill*         0x0000000008003bc2        0x2 
 .text._sbrk    0x0000000008003bc4       0x6c ./Core/Src/sysmem.o
                0x0000000008003bc4                _sbrk
 .text.SystemInit
                0x0000000008003c30       0x24 ./Core/Src/system_stm32f4xx.o
                0x0000000008003c30                SystemInit
 .text.Reset_Handler
                0x0000000008003c54       0x50 ./Core/Startup/startup_stm32f401retx.o
                0x0000000008003c54                Reset_Handler
 .text.Default_Handler
                0x0000000008003ca4        0x2 ./Core/Startup/startup_stm32f401retx.o
                0x0000000008003ca4                RTC_Alarm_IRQHandler
                0x0000000008003ca4                EXTI2_IRQHandler
                0x0000000008003ca4                SPI4_IRQHandler
                0x0000000008003ca4                TIM1_CC_IRQHandler
                0x0000000008003ca4                DMA2_Stream5_IRQHandler
                0x0000000008003ca4                DMA1_Stream5_IRQHandler
                0x0000000008003ca4                PVD_IRQHandler
                0x0000000008003ca4                SDIO_IRQHandler
                0x0000000008003ca4                TAMP_STAMP_IRQHandler
                0x0000000008003ca4                EXTI3_IRQHandler
                0x0000000008003ca4                TIM1_UP_TIM10_IRQHandler
                0x0000000008003ca4                I2C3_ER_IRQHandler
                0x0000000008003ca4                I2C2_EV_IRQHandler
                0x0000000008003ca4                DMA1_Stream2_IRQHandler
                0x0000000008003ca4                FPU_IRQHandler
                0x0000000008003ca4                DMA2_Stream2_IRQHandler
                0x0000000008003ca4                SPI1_IRQHandler
                0x0000000008003ca4                TIM1_BRK_TIM9_IRQHandler
                0x0000000008003ca4                DMA2_Stream3_IRQHandler
                0x0000000008003ca4                USART6_IRQHandler
                0x0000000008003ca4                DMA2_Stream0_IRQHandler
                0x0000000008003ca4                TIM4_IRQHandler
                0x0000000008003ca4                I2C1_EV_IRQHandler
                0x0000000008003ca4                DMA1_Stream6_IRQHandler
                0x0000000008003ca4                DMA1_Stream1_IRQHandler
                0x0000000008003ca4                TIM3_IRQHandler
                0x0000000008003ca4                RCC_IRQHandler
                0x0000000008003ca4                Default_Handler
                0x0000000008003ca4                ADC_IRQHandler
                0x0000000008003ca4                DMA1_Stream7_IRQHandler
                0x0000000008003ca4                TIM5_IRQHandler
                0x0000000008003ca4                DMA2_Stream7_IRQHandler
                0x0000000008003ca4                I2C3_EV_IRQHandler
                0x0000000008003ca4                EXTI9_5_IRQHandler
                0x0000000008003ca4                RTC_WKUP_IRQHandler
                0x0000000008003ca4                SPI2_IRQHandler
                0x0000000008003ca4                DMA1_Stream0_IRQHandler
                0x0000000008003ca4                EXTI4_IRQHandler
                0x0000000008003ca4                WWDG_IRQHandler
                0x0000000008003ca4                TIM2_IRQHandler
                0x0000000008003ca4                OTG_FS_WKUP_IRQHandler
                0x0000000008003ca4                TIM1_TRG_COM_TIM11_IRQHandler
                0x0000000008003ca4                EXTI1_IRQHandler
                0x0000000008003ca4                USART2_IRQHandler
                0x0000000008003ca4                I2C2_ER_IRQHandler
                0x0000000008003ca4                DMA2_Stream1_IRQHandler
                0x0000000008003ca4                FLASH_IRQHandler
                0x0000000008003ca4                DMA2_Stream4_IRQHandler
                0x0000000008003ca4                USART1_IRQHandler
                0x0000000008003ca4                OTG_FS_IRQHandler
                0x0000000008003ca4                SPI3_IRQHandler
                0x0000000008003ca4                DMA1_Stream4_IRQHandler
                0x0000000008003ca4                I2C1_ER_IRQHandler
                0x0000000008003ca4                DMA2_Stream6_IRQHandler
                0x0000000008003ca4                DMA1_Stream3_IRQHandler
 *fill*         0x0000000008003ca6        0x2 
 .text.BSP_LED_Init
                0x0000000008003ca8       0x24 ./Drivers/BSP/STM32F4xx_Nucleo/stm32f4xx_nucleo.o
                0x0000000008003ca8                BSP_LED_Init
 .text.BSP_LED_Toggle
                0x0000000008003ccc       0x2c ./Drivers/BSP/STM32F4xx_Nucleo/stm32f4xx_nucleo.o
                0x0000000008003ccc                BSP_LED_Toggle
 .text.LED_USER_GPIO_Init
                0x0000000008003cf8       0x84 ./Drivers/BSP/STM32F4xx_Nucleo/stm32f4xx_nucleo.o
 .text.BSP_PB_Init
                0x0000000008003d7c       0xa8 ./Drivers/BSP/STM32F4xx_Nucleo/stm32f4xx_nucleo.o
                0x0000000008003d7c                BSP_PB_Init
 .text.BSP_PB_GetState
                0x0000000008003e24       0x38 ./Drivers/BSP/STM32F4xx_Nucleo/stm32f4xx_nucleo.o
                0x0000000008003e24                BSP_PB_GetState
 .text.BUTTON_USER_EXTI_Callback
                0x0000000008003e5c        0xe ./Drivers/BSP/STM32F4xx_Nucleo/stm32f4xx_nucleo.o
 *fill*         0x0000000008003e6a        0x2 
 .text.BUTTON_USER_GPIO_Init
                0x0000000008003e6c       0x7c ./Drivers/BSP/STM32F4xx_Nucleo/stm32f4xx_nucleo.o
 .text.BSP_COM_Init
                0x0000000008003ee8       0x7c ./Drivers/BSP/STM32F4xx_Nucleo/stm32f4xx_nucleo.o
                0x0000000008003ee8                BSP_COM_Init
 .text.MX_USART1_UART_Init
                0x0000000008003f64       0x5c ./Drivers/BSP/STM32F4xx_Nucleo/stm32f4xx_nucleo.o
                0x0000000008003f64                MX_USART1_UART_Init
 .text.__io_putchar
                0x0000000008003fc0       0x38 ./Drivers/BSP/STM32F4xx_Nucleo/stm32f4xx_nucleo.o
                0x0000000008003fc0                __io_putchar
 .text.USART1_MspInit
                0x0000000008003ff8       0x94 ./Drivers/BSP/STM32F4xx_Nucleo/stm32f4xx_nucleo.o
 .text.HAL_Init
                0x000000000800408c       0x44 ./Drivers/STM32F4xx_HAL_Driver/Src/stm32f4xx_hal.o
                0x000000000800408c                HAL_Init
 .text.HAL_InitTick
                0x00000000080040d0       0x60 ./Drivers/STM32F4xx_HAL_Driver/Src/stm32f4xx_hal.o
                0x00000000080040d0                HAL_InitTick
 .text.HAL_IncTick
                0x0000000008004130       0x28 ./Drivers/STM32F4xx_HAL_Driver/Src/stm32f4xx_hal.o
                0x0000000008004130                HAL_IncTick
 .text.HAL_GetTick
                0x0000000008004158       0x18 ./Drivers/STM32F4xx_HAL_Driver/Src/stm32f4xx_hal.o
                0x0000000008004158                HAL_GetTick
 .text.HAL_Delay
                0x0000000008004170       0x48 ./Drivers/STM32F4xx_HAL_Driver/Src/stm32f4xx_hal.o
                0x0000000008004170                HAL_Delay
 .text.__NVIC_SetPriorityGrouping
                0x00000000080041b8       0x48 ./Drivers/STM32F4xx_HAL_Driver/Src/stm32f4xx_hal_cortex.o
 .text.__NVIC_GetPriorityGrouping
                0x0000000008004200       0x1c ./Drivers/STM32F4xx_HAL_Driver/Src/stm32f4xx_hal_cortex.o
 .text.__NVIC_EnableIRQ
                0x000000000800421c       0x3c ./Drivers/STM32F4xx_HAL_Driver/Src/stm32f4xx_hal_cortex.o
 .text.__NVIC_SetPriority
                0x0000000008004258       0x54 ./Drivers/STM32F4xx_HAL_Driver/Src/stm32f4xx_hal_cortex.o
 .text.NVIC_EncodePriority
                0x00000000080042ac       0x66 ./Drivers/STM32F4xx_HAL_Driver/Src/stm32f4xx_hal_cortex.o
 *fill*         0x0000000008004312        0x2 
 .text.SysTick_Config
                0x0000000008004314       0x44 ./Drivers/STM32F4xx_HAL_Driver/Src/stm32f4xx_hal_cortex.o
 .text.HAL_NVIC_SetPriorityGrouping
                0x0000000008004358       0x16 ./Drivers/STM32F4xx_HAL_Driver/Src/stm32f4xx_hal_cortex.o
                0x0000000008004358                HAL_NVIC_SetPriorityGrouping
 .text.HAL_NVIC_SetPriority
                0x000000000800436e       0x38 ./Drivers/STM32F4xx_HAL_Driver/Src/stm32f4xx_hal_cortex.o
                0x000000000800436e                HAL_NVIC_SetPriority
 .text.HAL_NVIC_EnableIRQ
                0x00000000080043a6       0x1c ./Drivers/STM32F4xx_HAL_Driver/Src/stm32f4xx_hal_cortex.o
                0x00000000080043a6                HAL_NVIC_EnableIRQ
 .text.HAL_SYSTICK_Config
                0x00000000080043c2       0x18 ./Drivers/STM32F4xx_HAL_Driver/Src/stm32f4xx_hal_cortex.o
                0x00000000080043c2                HAL_SYSTICK_Config
 .text.HAL_EXTI_RegisterCallback
                0x00000000080043da       0x34 ./Drivers/STM32F4xx_HAL_Driver/Src/stm32f4xx_hal_exti.o
                0x00000000080043da                HAL_EXTI_RegisterCallback
 .text.HAL_EXTI_GetHandle
                0x000000000800440e       0x28 ./Drivers/STM32F4xx_HAL_Driver/Src/stm32f4xx_hal_exti.o
                0x000000000800440e                HAL_EXTI_GetHandle
 *fill*         0x0000000008004436        0x2 
 .text.HAL_EXTI_IRQHandler
                0x0000000008004438       0x48 ./Drivers/STM32F4xx_HAL_Driver/Src/stm32f4xx_hal_exti.o
                0x0000000008004438                HAL_EXTI_IRQHandler
 .text.HAL_GPIO_Init
                0x0000000008004480      0x308 ./Drivers/STM32F4xx_HAL_Driver/Src/stm32f4xx_hal_gpio.o
                0x0000000008004480                HAL_GPIO_Init
 .text.HAL_GPIO_DeInit
                0x0000000008004788      0x1c8 ./Drivers/STM32F4xx_HAL_Driver/Src/stm32f4xx_hal_gpio.o
                0x0000000008004788                HAL_GPIO_DeInit
 .text.HAL_GPIO_ReadPin
                0x0000000008004950       0x30 ./Drivers/STM32F4xx_HAL_Driver/Src/stm32f4xx_hal_gpio.o
                0x0000000008004950                HAL_GPIO_ReadPin
 .text.HAL_GPIO_WritePin
                0x0000000008004980       0x32 ./Drivers/STM32F4xx_HAL_Driver/Src/stm32f4xx_hal_gpio.o
                0x0000000008004980                HAL_GPIO_WritePin
 .text.HAL_GPIO_TogglePin
                0x00000000080049b2       0x34 ./Drivers/STM32F4xx_HAL_Driver/Src/stm32f4xx_hal_gpio.o
                0x00000000080049b2                HAL_GPIO_TogglePin
 *fill*         0x00000000080049e6        0x2 
 .text.HAL_RCC_OscConfig
                0x00000000080049e8      0x4f0 ./Drivers/STM32F4xx_HAL_Driver/Src/stm32f4xx_hal_rcc.o
                0x00000000080049e8                HAL_RCC_OscConfig
 .text.HAL_RCC_ClockConfig
                0x0000000008004ed8      0x1cc ./Drivers/STM32F4xx_HAL_Driver/Src/stm32f4xx_hal_rcc.o
                0x0000000008004ed8                HAL_RCC_ClockConfig
 .text.HAL_RCC_GetSysClockFreq
                0x00000000080050a4      0x20c ./Drivers/STM32F4xx_HAL_Driver/Src/stm32f4xx_hal_rcc.o
                0x00000000080050a4                HAL_RCC_GetSysClockFreq
 .text.HAL_RCC_GetHCLKFreq
                0x00000000080052b0       0x18 ./Drivers/STM32F4xx_HAL_Driver/Src/stm32f4xx_hal_rcc.o
                0x00000000080052b0                HAL_RCC_GetHCLKFreq
 .text.HAL_RCC_GetPCLK1Freq
                0x00000000080052c8       0x28 ./Drivers/STM32F4xx_HAL_Driver/Src/stm32f4xx_hal_rcc.o
                0x00000000080052c8                HAL_RCC_GetPCLK1Freq
 .text.HAL_RCC_GetPCLK2Freq
                0x00000000080052f0       0x28 ./Drivers/STM32F4xx_HAL_Driver/Src/stm32f4xx_hal_rcc.o
                0x00000000080052f0                HAL_RCC_GetPCLK2Freq
 .text.HAL_SPI_Init
                0x0000000008005318      0x112 ./Drivers/STM32F4xx_HAL_Driver/Src/stm32f4xx_hal_spi.o
                0x0000000008005318                HAL_SPI_Init
 .text.HAL_SPI_MspInit
                0x000000000800542a       0x14 ./Drivers/STM32F4xx_HAL_Driver/Src/stm32f4xx_hal_spi.o
                0x000000000800542a                HAL_SPI_MspInit
 .text.HAL_SPI_TransmitReceive
                0x000000000800543e      0x352 ./Drivers/STM32F4xx_HAL_Driver/Src/stm32f4xx_hal_spi.o
                0x000000000800543e                HAL_SPI_TransmitReceive
 .text.HAL_SPI_GetState
                0x0000000008005790       0x1c ./Drivers/STM32F4xx_HAL_Driver/Src/stm32f4xx_hal_spi.o
                0x0000000008005790                HAL_SPI_GetState
 .text.SPI_WaitFlagStateUntilTimeout
                0x00000000080057ac      0x110 ./Drivers/STM32F4xx_HAL_Driver/Src/stm32f4xx_hal_spi.o
 .text.SPI_EndRxTxTransaction
                0x00000000080058bc       0xa8 ./Drivers/STM32F4xx_HAL_Driver/Src/stm32f4xx_hal_spi.o
 .text.HAL_UART_Init
                0x0000000008005964       0xa0 ./Drivers/STM32F4xx_HAL_Driver/Src/stm32f4xx_hal_uart.o
                0x0000000008005964                HAL_UART_Init
 .text.HAL_UART_Transmit
                0x0000000008005a04      0x116 ./Drivers/STM32F4xx_HAL_Driver/Src/stm32f4xx_hal_uart.o
                0x0000000008005a04                HAL_UART_Transmit
 .text.UART_WaitOnFlagUntilTimeout
                0x0000000008005b1a       0xb2 ./Drivers/STM32F4xx_HAL_Driver/Src/stm32f4xx_hal_uart.o
 .text.UART_EndRxTransfer
                0x0000000008005bcc       0xc6 ./Drivers/STM32F4xx_HAL_Driver/Src/stm32f4xx_hal_uart.o
 *fill*         0x0000000008005c92        0x2 
 .text.UART_SetConfig
                0x0000000008005c94      0x4e8 ./Drivers/STM32F4xx_HAL_Driver/Src/stm32f4xx_hal_uart.o
 .text.aci_gap_init_IDB05A1
                0x000000000800617c       0xa0 ./Middlewares/ST/BlueNRG-MS/hci/controller/bluenrg_gap_aci.o
                0x000000000800617c                aci_gap_init_IDB05A1
 .text.aci_gap_init_IDB04A1
                0x000000000800621c       0x94 ./Middlewares/ST/BlueNRG-MS/hci/controller/bluenrg_gap_aci.o
                0x000000000800621c                aci_gap_init_IDB04A1
 .text.aci_gap_set_discoverable
                0x00000000080062b0      0x1d4 ./Middlewares/ST/BlueNRG-MS/hci/controller/bluenrg_gap_aci.o
                0x00000000080062b0                aci_gap_set_discoverable
 .text.aci_gap_set_auth_requirement
                0x0000000008006484       0xae ./Middlewares/ST/BlueNRG-MS/hci/controller/bluenrg_gap_aci.o
                0x0000000008006484                aci_gap_set_auth_requirement
 .text.aci_gatt_init
                0x0000000008006532       0x46 ./Middlewares/ST/BlueNRG-MS/hci/controller/bluenrg_gatt_aci.o
                0x0000000008006532                aci_gatt_init
 .text.aci_gatt_add_serv
                0x0000000008006578      0x112 ./Middlewares/ST/BlueNRG-MS/hci/controller/bluenrg_gatt_aci.o
                0x0000000008006578                aci_gatt_add_serv
 .text.aci_gatt_add_char
                0x000000000800668a      0x196 ./Middlewares/ST/BlueNRG-MS/hci/controller/bluenrg_gatt_aci.o
                0x000000000800668a                aci_gatt_add_char
 .text.aci_gatt_update_char_value
                0x0000000008006820      0x120 ./Middlewares/ST/BlueNRG-MS/hci/controller/bluenrg_gatt_aci.o
                0x0000000008006820                aci_gatt_update_char_value
 .text.aci_gatt_write_without_response
                0x0000000008006940       0x8a ./Middlewares/ST/BlueNRG-MS/hci/controller/bluenrg_gatt_aci.o
                0x0000000008006940                aci_gatt_write_without_response
 .text.aci_hal_write_config_data
                0x00000000080069ca       0xca ./Middlewares/ST/BlueNRG-MS/hci/controller/bluenrg_hal_aci.o
                0x00000000080069ca                aci_hal_write_config_data
 .text.aci_hal_set_tx_power_level
                0x0000000008006a94       0x62 ./Middlewares/ST/BlueNRG-MS/hci/controller/bluenrg_hal_aci.o
                0x0000000008006a94                aci_hal_set_tx_power_level
 .text.getBlueNRGVersion
                0x0000000008006af6       0x88 ./Middlewares/ST/BlueNRG-MS/hci/controller/bluenrg_utils_small.o
                0x0000000008006af6                getBlueNRGVersion
 .text.hci_reset
                0x0000000008006b7e       0x44 ./Middlewares/ST/BlueNRG-MS/hci/hci_le.o
                0x0000000008006b7e                hci_reset
 .text.hci_le_read_local_version
                0x0000000008006bc2       0x94 ./Middlewares/ST/BlueNRG-MS/hci/hci_le.o
                0x0000000008006bc2                hci_le_read_local_version
 .text.hci_le_set_scan_resp_data
                0x0000000008006c56       0x82 ./Middlewares/ST/BlueNRG-MS/hci/hci_le.o
                0x0000000008006c56                hci_le_set_scan_resp_data
 .text.verify_packet
                0x0000000008006cd8       0x40 ./Middlewares/ST/BlueNRG-MS/hci/hci_tl_patterns/Basic/hci_tl.o
 .text.send_cmd
                0x0000000008006d18       0x80 ./Middlewares/ST/BlueNRG-MS/hci/hci_tl_patterns/Basic/hci_tl.o
 .text.move_list
                0x0000000008006d98       0x38 ./Middlewares/ST/BlueNRG-MS/hci/hci_tl_patterns/Basic/hci_tl.o
 .text.free_event_list
                0x0000000008006dd0       0x3c ./Middlewares/ST/BlueNRG-MS/hci/hci_tl_patterns/Basic/hci_tl.o
 .text.hci_init
                0x0000000008006e0c       0x84 ./Middlewares/ST/BlueNRG-MS/hci/hci_tl_patterns/Basic/hci_tl.o
                0x0000000008006e0c                hci_init
 .text.hci_register_io_bus
                0x0000000008006e90       0x40 ./Middlewares/ST/BlueNRG-MS/hci/hci_tl_patterns/Basic/hci_tl.o
                0x0000000008006e90                hci_register_io_bus
 .text.hci_send_req
                0x0000000008006ed0      0x230 ./Middlewares/ST/BlueNRG-MS/hci/hci_tl_patterns/Basic/hci_tl.o
                0x0000000008006ed0                hci_send_req
 .text.hci_user_evt_proc
                0x0000000008007100       0x58 ./Middlewares/ST/BlueNRG-MS/hci/hci_tl_patterns/Basic/hci_tl.o
                0x0000000008007100                hci_user_evt_proc
 .text.hci_notify_asynch_evt
                0x0000000008007158       0x9c ./Middlewares/ST/BlueNRG-MS/hci/hci_tl_patterns/Basic/hci_tl.o
                0x0000000008007158                hci_notify_asynch_evt
 .text.list_init_head
                0x00000000080071f4       0x20 ./Middlewares/ST/BlueNRG-MS/utils/ble_list.o
                0x00000000080071f4                list_init_head
 .text.list_is_empty
                0x0000000008007214       0x44 ./Middlewares/ST/BlueNRG-MS/utils/ble_list.o
                0x0000000008007214                list_is_empty
 .text.list_insert_head
                0x0000000008007258       0x4c ./Middlewares/ST/BlueNRG-MS/utils/ble_list.o
                0x0000000008007258                list_insert_head
 .text.list_insert_tail
                0x00000000080072a4       0x4c ./Middlewares/ST/BlueNRG-MS/utils/ble_list.o
                0x00000000080072a4                list_insert_tail
 .text.list_remove_node
                0x00000000080072f0       0x42 ./Middlewares/ST/BlueNRG-MS/utils/ble_list.o
                0x00000000080072f0                list_remove_node
 .text.list_remove_head
                0x0000000008007332       0x4e ./Middlewares/ST/BlueNRG-MS/utils/ble_list.o
                0x0000000008007332                list_remove_head
 .text.list_remove_tail
                0x0000000008007380       0x4e ./Middlewares/ST/BlueNRG-MS/utils/ble_list.o
                0x0000000008007380                list_remove_tail
 .text.list_get_size
                0x00000000080073ce       0x50 ./Middlewares/ST/BlueNRG-MS/utils/ble_list.o
                0x00000000080073ce                list_get_size
 .text.__cvt    0x000000000800741e       0xc4 C:/ST/STM32CubeIDE_1.14.0/STM32CubeIDE/plugins/com.st.stm32cube.ide.mcu.externaltools.gnu-tools-for-stm32.11.3.rel1.win32_1.1.100.202309141235/tools/bin/../lib/gcc/arm-none-eabi/11.3.1/../../../../arm-none-eabi/lib/thumb/v7e-m+fp/hard\libc_nano.a(libc_a-nano-vfprintf_float.o)
                0x000000000800741e                __cvt
 .text.__exponent
                0x00000000080074e2       0x7c C:/ST/STM32CubeIDE_1.14.0/STM32CubeIDE/plugins/com.st.stm32cube.ide.mcu.externaltools.gnu-tools-for-stm32.11.3.rel1.win32_1.1.100.202309141235/tools/bin/../lib/gcc/arm-none-eabi/11.3.1/../../../../arm-none-eabi/lib/thumb/v7e-m+fp/hard\libc_nano.a(libc_a-nano-vfprintf_float.o)
                0x00000000080074e2                __exponent
 *fill*         0x000000000800755e        0x2 
 .text._printf_float
                0x0000000008007560      0x46c C:/ST/STM32CubeIDE_1.14.0/STM32CubeIDE/plugins/com.st.stm32cube.ide.mcu.externaltools.gnu-tools-for-stm32.11.3.rel1.win32_1.1.100.202309141235/tools/bin/../lib/gcc/arm-none-eabi/11.3.1/../../../../arm-none-eabi/lib/thumb/v7e-m+fp/hard\libc_nano.a(libc_a-nano-vfprintf_float.o)
                0x0000000008007560                _printf_float
 .text._printf_common
                0x00000000080079cc       0xda C:/ST/STM32CubeIDE_1.14.0/STM32CubeIDE/plugins/com.st.stm32cube.ide.mcu.externaltools.gnu-tools-for-stm32.11.3.rel1.win32_1.1.100.202309141235/tools/bin/../lib/gcc/arm-none-eabi/11.3.1/../../../../arm-none-eabi/lib/thumb/v7e-m+fp/hard\libc_nano.a(libc_a-nano-vfprintf_i.o)
                0x00000000080079cc                _printf_common
 *fill*         0x0000000008007aa6        0x2 
 .text._printf_i
                0x0000000008007aa8      0x244 C:/ST/STM32CubeIDE_1.14.0/STM32CubeIDE/plugins/com.st.stm32cube.ide.mcu.externaltools.gnu-tools-for-stm32.11.3.rel1.win32_1.1.100.202309141235/tools/bin/../lib/gcc/arm-none-eabi/11.3.1/../../../../arm-none-eabi/lib/thumb/v7e-m+fp/hard\libc_nano.a(libc_a-nano-vfprintf_i.o)
                0x0000000008007aa8                _printf_i
 .text.__sflush_r
                0x0000000008007cec      0x10c C:/ST/STM32CubeIDE_1.14.0/STM32CubeIDE/plugins/com.st.stm32cube.ide.mcu.externaltools.gnu-tools-for-stm32.11.3.rel1.win32_1.1.100.202309141235/tools/bin/../lib/gcc/arm-none-eabi/11.3.1/../../../../arm-none-eabi/lib/thumb/v7e-m+fp/hard\libc_nano.a(libc_a-fflush.o)
                0x0000000008007cec                __sflush_r
 .text._fflush_r
                0x0000000008007df8       0x50 C:/ST/STM32CubeIDE_1.14.0/STM32CubeIDE/plugins/com.st.stm32cube.ide.mcu.externaltools.gnu-tools-for-stm32.11.3.rel1.win32_1.1.100.202309141235/tools/bin/../lib/gcc/arm-none-eabi/11.3.1/../../../../arm-none-eabi/lib/thumb/v7e-m+fp/hard\libc_nano.a(libc_a-fflush.o)
                0x0000000008007df8                _fflush_r
 .text.fflush   0x0000000008007e48       0x28 C:/ST/STM32CubeIDE_1.14.0/STM32CubeIDE/plugins/com.st.stm32cube.ide.mcu.externaltools.gnu-tools-for-stm32.11.3.rel1.win32_1.1.100.202309141235/tools/bin/../lib/gcc/arm-none-eabi/11.3.1/../../../../arm-none-eabi/lib/thumb/v7e-m+fp/hard\libc_nano.a(libc_a-fflush.o)
                0x0000000008007e48                fflush
 .text.std      0x0000000008007e70       0x6c C:/ST/STM32CubeIDE_1.14.0/STM32CubeIDE/plugins/com.st.stm32cube.ide.mcu.externaltools.gnu-tools-for-stm32.11.3.rel1.win32_1.1.100.202309141235/tools/bin/../lib/gcc/arm-none-eabi/11.3.1/../../../../arm-none-eabi/lib/thumb/v7e-m+fp/hard\libc_nano.a(libc_a-findfp.o)
 .text.stdio_exit_handler
                0x0000000008007edc       0x18 C:/ST/STM32CubeIDE_1.14.0/STM32CubeIDE/plugins/com.st.stm32cube.ide.mcu.externaltools.gnu-tools-for-stm32.11.3.rel1.win32_1.1.100.202309141235/tools/bin/../lib/gcc/arm-none-eabi/11.3.1/../../../../arm-none-eabi/lib/thumb/v7e-m+fp/hard\libc_nano.a(libc_a-findfp.o)
 .text.cleanup_stdio
                0x0000000008007ef4       0x40 C:/ST/STM32CubeIDE_1.14.0/STM32CubeIDE/plugins/com.st.stm32cube.ide.mcu.externaltools.gnu-tools-for-stm32.11.3.rel1.win32_1.1.100.202309141235/tools/bin/../lib/gcc/arm-none-eabi/11.3.1/../../../../arm-none-eabi/lib/thumb/v7e-m+fp/hard\libc_nano.a(libc_a-findfp.o)
 .text.global_stdio_init.part.0
                0x0000000008007f34       0x3c C:/ST/STM32CubeIDE_1.14.0/STM32CubeIDE/plugins/com.st.stm32cube.ide.mcu.externaltools.gnu-tools-for-stm32.11.3.rel1.win32_1.1.100.202309141235/tools/bin/../lib/gcc/arm-none-eabi/11.3.1/../../../../arm-none-eabi/lib/thumb/v7e-m+fp/hard\libc_nano.a(libc_a-findfp.o)
 .text.__sfp_lock_acquire
                0x0000000008007f70        0xc C:/ST/STM32CubeIDE_1.14.0/STM32CubeIDE/plugins/com.st.stm32cube.ide.mcu.externaltools.gnu-tools-for-stm32.11.3.rel1.win32_1.1.100.202309141235/tools/bin/../lib/gcc/arm-none-eabi/11.3.1/../../../../arm-none-eabi/lib/thumb/v7e-m+fp/hard\libc_nano.a(libc_a-findfp.o)
                0x0000000008007f70                __sfp_lock_acquire
 .text.__sfp_lock_release
                0x0000000008007f7c        0xc C:/ST/STM32CubeIDE_1.14.0/STM32CubeIDE/plugins/com.st.stm32cube.ide.mcu.externaltools.gnu-tools-for-stm32.11.3.rel1.win32_1.1.100.202309141235/tools/bin/../lib/gcc/arm-none-eabi/11.3.1/../../../../arm-none-eabi/lib/thumb/v7e-m+fp/hard\libc_nano.a(libc_a-findfp.o)
                0x0000000008007f7c                __sfp_lock_release
 .text.__sinit  0x0000000008007f88       0x30 C:/ST/STM32CubeIDE_1.14.0/STM32CubeIDE/plugins/com.st.stm32cube.ide.mcu.externaltools.gnu-tools-for-stm32.11.3.rel1.win32_1.1.100.202309141235/tools/bin/../lib/gcc/arm-none-eabi/11.3.1/../../../../arm-none-eabi/lib/thumb/v7e-m+fp/hard\libc_nano.a(libc_a-findfp.o)
                0x0000000008007f88                __sinit
 .text._fwalk_sglue
                0x0000000008007fb8       0x3c C:/ST/STM32CubeIDE_1.14.0/STM32CubeIDE/plugins/com.st.stm32cube.ide.mcu.externaltools.gnu-tools-for-stm32.11.3.rel1.win32_1.1.100.202309141235/tools/bin/../lib/gcc/arm-none-eabi/11.3.1/../../../../arm-none-eabi/lib/thumb/v7e-m+fp/hard\libc_nano.a(libc_a-fwalk.o)
                0x0000000008007fb8                _fwalk_sglue
 .text.printf   0x0000000008007ff4       0x24 C:/ST/STM32CubeIDE_1.14.0/STM32CubeIDE/plugins/com.st.stm32cube.ide.mcu.externaltools.gnu-tools-for-stm32.11.3.rel1.win32_1.1.100.202309141235/tools/bin/../lib/gcc/arm-none-eabi/11.3.1/../../../../arm-none-eabi/lib/thumb/v7e-m+fp/hard\libc_nano.a(libc_a-printf.o)
                0x0000000008007ff4                iprintf
                0x0000000008007ff4                printf
 .text.putchar  0x0000000008008018       0x10 C:/ST/STM32CubeIDE_1.14.0/STM32CubeIDE/plugins/com.st.stm32cube.ide.mcu.externaltools.gnu-tools-for-stm32.11.3.rel1.win32_1.1.100.202309141235/tools/bin/../lib/gcc/arm-none-eabi/11.3.1/../../../../arm-none-eabi/lib/thumb/v7e-m+fp/hard\libc_nano.a(libc_a-putchar.o)
                0x0000000008008018                putchar
 .text._puts_r  0x0000000008008028       0xa8 C:/ST/STM32CubeIDE_1.14.0/STM32CubeIDE/plugins/com.st.stm32cube.ide.mcu.externaltools.gnu-tools-for-stm32.11.3.rel1.win32_1.1.100.202309141235/tools/bin/../lib/gcc/arm-none-eabi/11.3.1/../../../../arm-none-eabi/lib/thumb/v7e-m+fp/hard\libc_nano.a(libc_a-puts.o)
                0x0000000008008028                _puts_r
 .text.puts     0x00000000080080d0       0x10 C:/ST/STM32CubeIDE_1.14.0/STM32CubeIDE/plugins/com.st.stm32cube.ide.mcu.externaltools.gnu-tools-for-stm32.11.3.rel1.win32_1.1.100.202309141235/tools/bin/../lib/gcc/arm-none-eabi/11.3.1/../../../../arm-none-eabi/lib/thumb/v7e-m+fp/hard\libc_nano.a(libc_a-puts.o)
                0x00000000080080d0                puts
 .text.sprintf  0x00000000080080e0       0x40 C:/ST/STM32CubeIDE_1.14.0/STM32CubeIDE/plugins/com.st.stm32cube.ide.mcu.externaltools.gnu-tools-for-stm32.11.3.rel1.win32_1.1.100.202309141235/tools/bin/../lib/gcc/arm-none-eabi/11.3.1/../../../../arm-none-eabi/lib/thumb/v7e-m+fp/hard\libc_nano.a(libc_a-sprintf.o)
                0x00000000080080e0                siprintf
                0x00000000080080e0                sprintf
 .text.__sread  0x0000000008008120       0x22 C:/ST/STM32CubeIDE_1.14.0/STM32CubeIDE/plugins/com.st.stm32cube.ide.mcu.externaltools.gnu-tools-for-stm32.11.3.rel1.win32_1.1.100.202309141235/tools/bin/../lib/gcc/arm-none-eabi/11.3.1/../../../../arm-none-eabi/lib/thumb/v7e-m+fp/hard\libc_nano.a(libc_a-stdio.o)
                0x0000000008008120                __sread
 .text.__swrite
                0x0000000008008142       0x38 C:/ST/STM32CubeIDE_1.14.0/STM32CubeIDE/plugins/com.st.stm32cube.ide.mcu.externaltools.gnu-tools-for-stm32.11.3.rel1.win32_1.1.100.202309141235/tools/bin/../lib/gcc/arm-none-eabi/11.3.1/../../../../arm-none-eabi/lib/thumb/v7e-m+fp/hard\libc_nano.a(libc_a-stdio.o)
                0x0000000008008142                __swrite
 .text.__sseek  0x000000000800817a       0x24 C:/ST/STM32CubeIDE_1.14.0/STM32CubeIDE/plugins/com.st.stm32cube.ide.mcu.externaltools.gnu-tools-for-stm32.11.3.rel1.win32_1.1.100.202309141235/tools/bin/../lib/gcc/arm-none-eabi/11.3.1/../../../../arm-none-eabi/lib/thumb/v7e-m+fp/hard\libc_nano.a(libc_a-stdio.o)
                0x000000000800817a                __sseek
 .text.__sclose
                0x000000000800819e        0x8 C:/ST/STM32CubeIDE_1.14.0/STM32CubeIDE/plugins/com.st.stm32cube.ide.mcu.externaltools.gnu-tools-for-stm32.11.3.rel1.win32_1.1.100.202309141235/tools/bin/../lib/gcc/arm-none-eabi/11.3.1/../../../../arm-none-eabi/lib/thumb/v7e-m+fp/hard\libc_nano.a(libc_a-stdio.o)
                0x000000000800819e                __sclose
 .text.__swbuf_r
                0x00000000080081a6       0x7a C:/ST/STM32CubeIDE_1.14.0/STM32CubeIDE/plugins/com.st.stm32cube.ide.mcu.externaltools.gnu-tools-for-stm32.11.3.rel1.win32_1.1.100.202309141235/tools/bin/../lib/gcc/arm-none-eabi/11.3.1/../../../../arm-none-eabi/lib/thumb/v7e-m+fp/hard\libc_nano.a(libc_a-wbuf.o)
                0x00000000080081a6                __swbuf_r
 .text.__swsetup_r
                0x0000000008008220       0xb0 C:/ST/STM32CubeIDE_1.14.0/STM32CubeIDE/plugins/com.st.stm32cube.ide.mcu.externaltools.gnu-tools-for-stm32.11.3.rel1.win32_1.1.100.202309141235/tools/bin/../lib/gcc/arm-none-eabi/11.3.1/../../../../arm-none-eabi/lib/thumb/v7e-m+fp/hard\libc_nano.a(libc_a-wsetup.o)
                0x0000000008008220                __swsetup_r
 .text.memset   0x00000000080082d0       0x10 C:/ST/STM32CubeIDE_1.14.0/STM32CubeIDE/plugins/com.st.stm32cube.ide.mcu.externaltools.gnu-tools-for-stm32.11.3.rel1.win32_1.1.100.202309141235/tools/bin/../lib/gcc/arm-none-eabi/11.3.1/../../../../arm-none-eabi/lib/thumb/v7e-m+fp/hard\libc_nano.a(libc_a-memset.o)
                0x00000000080082d0                memset
 .text._localeconv_r
                0x00000000080082e0        0x8 C:/ST/STM32CubeIDE_1.14.0/STM32CubeIDE/plugins/com.st.stm32cube.ide.mcu.externaltools.gnu-tools-for-stm32.11.3.rel1.win32_1.1.100.202309141235/tools/bin/../lib/gcc/arm-none-eabi/11.3.1/../../../../arm-none-eabi/lib/thumb/v7e-m+fp/hard\libc_nano.a(libc_a-localeconv.o)
                0x00000000080082e0                _localeconv_r
 .text._close_r
                0x00000000080082e8       0x20 C:/ST/STM32CubeIDE_1.14.0/STM32CubeIDE/plugins/com.st.stm32cube.ide.mcu.externaltools.gnu-tools-for-stm32.11.3.rel1.win32_1.1.100.202309141235/tools/bin/../lib/gcc/arm-none-eabi/11.3.1/../../../../arm-none-eabi/lib/thumb/v7e-m+fp/hard\libc_nano.a(libc_a-closer.o)
                0x00000000080082e8                _close_r
 .text._lseek_r
                0x0000000008008308       0x24 C:/ST/STM32CubeIDE_1.14.0/STM32CubeIDE/plugins/com.st.stm32cube.ide.mcu.externaltools.gnu-tools-for-stm32.11.3.rel1.win32_1.1.100.202309141235/tools/bin/../lib/gcc/arm-none-eabi/11.3.1/../../../../arm-none-eabi/lib/thumb/v7e-m+fp/hard\libc_nano.a(libc_a-lseekr.o)
                0x0000000008008308                _lseek_r
 .text._read_r  0x000000000800832c       0x24 C:/ST/STM32CubeIDE_1.14.0/STM32CubeIDE/plugins/com.st.stm32cube.ide.mcu.externaltools.gnu-tools-for-stm32.11.3.rel1.win32_1.1.100.202309141235/tools/bin/../lib/gcc/arm-none-eabi/11.3.1/../../../../arm-none-eabi/lib/thumb/v7e-m+fp/hard\libc_nano.a(libc_a-readr.o)
                0x000000000800832c                _read_r
 .text._write_r
                0x0000000008008350       0x24 C:/ST/STM32CubeIDE_1.14.0/STM32CubeIDE/plugins/com.st.stm32cube.ide.mcu.externaltools.gnu-tools-for-stm32.11.3.rel1.win32_1.1.100.202309141235/tools/bin/../lib/gcc/arm-none-eabi/11.3.1/../../../../arm-none-eabi/lib/thumb/v7e-m+fp/hard\libc_nano.a(libc_a-writer.o)
                0x0000000008008350                _write_r
 .text.__errno  0x0000000008008374        0xc C:/ST/STM32CubeIDE_1.14.0/STM32CubeIDE/plugins/com.st.stm32cube.ide.mcu.externaltools.gnu-tools-for-stm32.11.3.rel1.win32_1.1.100.202309141235/tools/bin/../lib/gcc/arm-none-eabi/11.3.1/../../../../arm-none-eabi/lib/thumb/v7e-m+fp/hard\libc_nano.a(libc_a-errno.o)
                0x0000000008008374                __errno
 .text.__libc_init_array
                0x0000000008008380       0x48 C:/ST/STM32CubeIDE_1.14.0/STM32CubeIDE/plugins/com.st.stm32cube.ide.mcu.externaltools.gnu-tools-for-stm32.11.3.rel1.win32_1.1.100.202309141235/tools/bin/../lib/gcc/arm-none-eabi/11.3.1/../../../../arm-none-eabi/lib/thumb/v7e-m+fp/hard\libc_nano.a(libc_a-init.o)
                0x0000000008008380                __libc_init_array
 .text.__retarget_lock_init_recursive
                0x00000000080083c8        0x2 C:/ST/STM32CubeIDE_1.14.0/STM32CubeIDE/plugins/com.st.stm32cube.ide.mcu.externaltools.gnu-tools-for-stm32.11.3.rel1.win32_1.1.100.202309141235/tools/bin/../lib/gcc/arm-none-eabi/11.3.1/../../../../arm-none-eabi/lib/thumb/v7e-m+fp/hard\libc_nano.a(libc_a-lock.o)
                0x00000000080083c8                __retarget_lock_init_recursive
 .text.__retarget_lock_acquire_recursive
                0x00000000080083ca        0x2 C:/ST/STM32CubeIDE_1.14.0/STM32CubeIDE/plugins/com.st.stm32cube.ide.mcu.externaltools.gnu-tools-for-stm32.11.3.rel1.win32_1.1.100.202309141235/tools/bin/../lib/gcc/arm-none-eabi/11.3.1/../../../../arm-none-eabi/lib/thumb/v7e-m+fp/hard\libc_nano.a(libc_a-lock.o)
                0x00000000080083ca                __retarget_lock_acquire_recursive
 .text.__retarget_lock_release_recursive
                0x00000000080083cc        0x2 C:/ST/STM32CubeIDE_1.14.0/STM32CubeIDE/plugins/com.st.stm32cube.ide.mcu.externaltools.gnu-tools-for-stm32.11.3.rel1.win32_1.1.100.202309141235/tools/bin/../lib/gcc/arm-none-eabi/11.3.1/../../../../arm-none-eabi/lib/thumb/v7e-m+fp/hard\libc_nano.a(libc_a-lock.o)
                0x00000000080083cc                __retarget_lock_release_recursive
 .text.memcpy   0x00000000080083ce       0x1c C:/ST/STM32CubeIDE_1.14.0/STM32CubeIDE/plugins/com.st.stm32cube.ide.mcu.externaltools.gnu-tools-for-stm32.11.3.rel1.win32_1.1.100.202309141235/tools/bin/../lib/gcc/arm-none-eabi/11.3.1/../../../../arm-none-eabi/lib/thumb/v7e-m+fp/hard\libc_nano.a(libc_a-memcpy-stub.o)
                0x00000000080083ce                memcpy
 .text.quorem   0x00000000080083ea      0x110 C:/ST/STM32CubeIDE_1.14.0/STM32CubeIDE/plugins/com.st.stm32cube.ide.mcu.externaltools.gnu-tools-for-stm32.11.3.rel1.win32_1.1.100.202309141235/tools/bin/../lib/gcc/arm-none-eabi/11.3.1/../../../../arm-none-eabi/lib/thumb/v7e-m+fp/hard\libc_nano.a(libc_a-dtoa.o)
 *fill*         0x00000000080084fa        0x6 
 .text._dtoa_r  0x0000000008008500      0xbe4 C:/ST/STM32CubeIDE_1.14.0/STM32CubeIDE/plugins/com.st.stm32cube.ide.mcu.externaltools.gnu-tools-for-stm32.11.3.rel1.win32_1.1.100.202309141235/tools/bin/../lib/gcc/arm-none-eabi/11.3.1/../../../../arm-none-eabi/lib/thumb/v7e-m+fp/hard\libc_nano.a(libc_a-dtoa.o)
                0x0000000008008500                _dtoa_r
 .text._free_r  0x00000000080090e4       0x98 C:/ST/STM32CubeIDE_1.14.0/STM32CubeIDE/plugins/com.st.stm32cube.ide.mcu.externaltools.gnu-tools-for-stm32.11.3.rel1.win32_1.1.100.202309141235/tools/bin/../lib/gcc/arm-none-eabi/11.3.1/../../../../arm-none-eabi/lib/thumb/v7e-m+fp/hard\libc_nano.a(libc_a-freer.o)
                0x00000000080090e4                _free_r
 .text.malloc   0x000000000800917c       0x10 C:/ST/STM32CubeIDE_1.14.0/STM32CubeIDE/plugins/com.st.stm32cube.ide.mcu.externaltools.gnu-tools-for-stm32.11.3.rel1.win32_1.1.100.202309141235/tools/bin/../lib/gcc/arm-none-eabi/11.3.1/../../../../arm-none-eabi/lib/thumb/v7e-m+fp/hard\libc_nano.a(libc_a-malloc.o)
                0x000000000800917c                malloc
 .text.sbrk_aligned
                0x000000000800918c       0x40 C:/ST/STM32CubeIDE_1.14.0/STM32CubeIDE/plugins/com.st.stm32cube.ide.mcu.externaltools.gnu-tools-for-stm32.11.3.rel1.win32_1.1.100.202309141235/tools/bin/../lib/gcc/arm-none-eabi/11.3.1/../../../../arm-none-eabi/lib/thumb/v7e-m+fp/hard\libc_nano.a(libc_a-mallocr.o)
 .text._malloc_r
                0x00000000080091cc      0x100 C:/ST/STM32CubeIDE_1.14.0/STM32CubeIDE/plugins/com.st.stm32cube.ide.mcu.externaltools.gnu-tools-for-stm32.11.3.rel1.win32_1.1.100.202309141235/tools/bin/../lib/gcc/arm-none-eabi/11.3.1/../../../../arm-none-eabi/lib/thumb/v7e-m+fp/hard\libc_nano.a(libc_a-mallocr.o)
                0x00000000080091cc                _malloc_r
 .text.__malloc_lock
                0x00000000080092cc        0xc C:/ST/STM32CubeIDE_1.14.0/STM32CubeIDE/plugins/com.st.stm32cube.ide.mcu.externaltools.gnu-tools-for-stm32.11.3.rel1.win32_1.1.100.202309141235/tools/bin/../lib/gcc/arm-none-eabi/11.3.1/../../../../arm-none-eabi/lib/thumb/v7e-m+fp/hard\libc_nano.a(libc_a-mlock.o)
                0x00000000080092cc                __malloc_lock
 .text.__malloc_unlock
                0x00000000080092d8        0xc C:/ST/STM32CubeIDE_1.14.0/STM32CubeIDE/plugins/com.st.stm32cube.ide.mcu.externaltools.gnu-tools-for-stm32.11.3.rel1.win32_1.1.100.202309141235/tools/bin/../lib/gcc/arm-none-eabi/11.3.1/../../../../arm-none-eabi/lib/thumb/v7e-m+fp/hard\libc_nano.a(libc_a-mlock.o)
                0x00000000080092d8                __malloc_unlock
 .text._Balloc  0x00000000080092e4       0x80 C:/ST/STM32CubeIDE_1.14.0/STM32CubeIDE/plugins/com.st.stm32cube.ide.mcu.externaltools.gnu-tools-for-stm32.11.3.rel1.win32_1.1.100.202309141235/tools/bin/../lib/gcc/arm-none-eabi/11.3.1/../../../../arm-none-eabi/lib/thumb/v7e-m+fp/hard\libc_nano.a(libc_a-mprec.o)
                0x00000000080092e4                _Balloc
 .text._Bfree   0x0000000008009364       0x44 C:/ST/STM32CubeIDE_1.14.0/STM32CubeIDE/plugins/com.st.stm32cube.ide.mcu.externaltools.gnu-tools-for-stm32.11.3.rel1.win32_1.1.100.202309141235/tools/bin/../lib/gcc/arm-none-eabi/11.3.1/../../../../arm-none-eabi/lib/thumb/v7e-m+fp/hard\libc_nano.a(libc_a-mprec.o)
                0x0000000008009364                _Bfree
 .text.__multadd
                0x00000000080093a8       0x8c C:/ST/STM32CubeIDE_1.14.0/STM32CubeIDE/plugins/com.st.stm32cube.ide.mcu.externaltools.gnu-tools-for-stm32.11.3.rel1.win32_1.1.100.202309141235/tools/bin/../lib/gcc/arm-none-eabi/11.3.1/../../../../arm-none-eabi/lib/thumb/v7e-m+fp/hard\libc_nano.a(libc_a-mprec.o)
                0x00000000080093a8                __multadd
 .text.__hi0bits
                0x0000000008009434       0x40 C:/ST/STM32CubeIDE_1.14.0/STM32CubeIDE/plugins/com.st.stm32cube.ide.mcu.externaltools.gnu-tools-for-stm32.11.3.rel1.win32_1.1.100.202309141235/tools/bin/../lib/gcc/arm-none-eabi/11.3.1/../../../../arm-none-eabi/lib/thumb/v7e-m+fp/hard\libc_nano.a(libc_a-mprec.o)
                0x0000000008009434                __hi0bits
 .text.__lo0bits
                0x0000000008009474       0x5a C:/ST/STM32CubeIDE_1.14.0/STM32CubeIDE/plugins/com.st.stm32cube.ide.mcu.externaltools.gnu-tools-for-stm32.11.3.rel1.win32_1.1.100.202309141235/tools/bin/../lib/gcc/arm-none-eabi/11.3.1/../../../../arm-none-eabi/lib/thumb/v7e-m+fp/hard\libc_nano.a(libc_a-mprec.o)
                0x0000000008009474                __lo0bits
 *fill*         0x00000000080094ce        0x2 
 .text.__i2b    0x00000000080094d0       0x2c C:/ST/STM32CubeIDE_1.14.0/STM32CubeIDE/plugins/com.st.stm32cube.ide.mcu.externaltools.gnu-tools-for-stm32.11.3.rel1.win32_1.1.100.202309141235/tools/bin/../lib/gcc/arm-none-eabi/11.3.1/../../../../arm-none-eabi/lib/thumb/v7e-m+fp/hard\libc_nano.a(libc_a-mprec.o)
                0x00000000080094d0                __i2b
 .text.__multiply
                0x00000000080094fc      0x154 C:/ST/STM32CubeIDE_1.14.0/STM32CubeIDE/plugins/com.st.stm32cube.ide.mcu.externaltools.gnu-tools-for-stm32.11.3.rel1.win32_1.1.100.202309141235/tools/bin/../lib/gcc/arm-none-eabi/11.3.1/../../../../arm-none-eabi/lib/thumb/v7e-m+fp/hard\libc_nano.a(libc_a-mprec.o)
                0x00000000080094fc                __multiply
 .text.__pow5mult
                0x0000000008009650       0xb4 C:/ST/STM32CubeIDE_1.14.0/STM32CubeIDE/plugins/com.st.stm32cube.ide.mcu.externaltools.gnu-tools-for-stm32.11.3.rel1.win32_1.1.100.202309141235/tools/bin/../lib/gcc/arm-none-eabi/11.3.1/../../../../arm-none-eabi/lib/thumb/v7e-m+fp/hard\libc_nano.a(libc_a-mprec.o)
                0x0000000008009650                __pow5mult
 .text.__lshift
                0x0000000008009704       0xd8 C:/ST/STM32CubeIDE_1.14.0/STM32CubeIDE/plugins/com.st.stm32cube.ide.mcu.externaltools.gnu-tools-for-stm32.11.3.rel1.win32_1.1.100.202309141235/tools/bin/../lib/gcc/arm-none-eabi/11.3.1/../../../../arm-none-eabi/lib/thumb/v7e-m+fp/hard\libc_nano.a(libc_a-mprec.o)
                0x0000000008009704                __lshift
 .text.__mcmp   0x00000000080097dc       0x38 C:/ST/STM32CubeIDE_1.14.0/STM32CubeIDE/plugins/com.st.stm32cube.ide.mcu.externaltools.gnu-tools-for-stm32.11.3.rel1.win32_1.1.100.202309141235/tools/bin/../lib/gcc/arm-none-eabi/11.3.1/../../../../arm-none-eabi/lib/thumb/v7e-m+fp/hard\libc_nano.a(libc_a-mprec.o)
                0x00000000080097dc                __mcmp
 .text.__mdiff  0x0000000008009814      0x114 C:/ST/STM32CubeIDE_1.14.0/STM32CubeIDE/plugins/com.st.stm32cube.ide.mcu.externaltools.gnu-tools-for-stm32.11.3.rel1.win32_1.1.100.202309141235/tools/bin/../lib/gcc/arm-none-eabi/11.3.1/../../../../arm-none-eabi/lib/thumb/v7e-m+fp/hard\libc_nano.a(libc_a-mprec.o)
                0x0000000008009814                __mdiff
 .text.__d2b    0x0000000008009928       0xb4 C:/ST/STM32CubeIDE_1.14.0/STM32CubeIDE/plugins/com.st.stm32cube.ide.mcu.externaltools.gnu-tools-for-stm32.11.3.rel1.win32_1.1.100.202309141235/tools/bin/../lib/gcc/arm-none-eabi/11.3.1/../../../../arm-none-eabi/lib/thumb/v7e-m+fp/hard\libc_nano.a(libc_a-mprec.o)
                0x0000000008009928                __d2b
 .text.__ssputs_r
                0x00000000080099dc       0xb4 C:/ST/STM32CubeIDE_1.14.0/STM32CubeIDE/plugins/com.st.stm32cube.ide.mcu.externaltools.gnu-tools-for-stm32.11.3.rel1.win32_1.1.100.202309141235/tools/bin/../lib/gcc/arm-none-eabi/11.3.1/../../../../arm-none-eabi/lib/thumb/v7e-m+fp/hard\libc_nano.a(libc_a-nano-svfprintf.o)
                0x00000000080099dc                __ssputs_r
 .text._svfprintf_r
                0x0000000008009a90      0x1fc C:/ST/STM32CubeIDE_1.14.0/STM32CubeIDE/plugins/com.st.stm32cube.ide.mcu.externaltools.gnu-tools-for-stm32.11.3.rel1.win32_1.1.100.202309141235/tools/bin/../lib/gcc/arm-none-eabi/11.3.1/../../../../arm-none-eabi/lib/thumb/v7e-m+fp/hard\libc_nano.a(libc_a-nano-svfprintf.o)
                0x0000000008009a90                _svfiprintf_r
                0x0000000008009a90                _svfprintf_r
 .text.__sfputc_r
                0x0000000008009c8c       0x2e C:/ST/STM32CubeIDE_1.14.0/STM32CubeIDE/plugins/com.st.stm32cube.ide.mcu.externaltools.gnu-tools-for-stm32.11.3.rel1.win32_1.1.100.202309141235/tools/bin/../lib/gcc/arm-none-eabi/11.3.1/../../../../arm-none-eabi/lib/thumb/v7e-m+fp/hard\libc_nano.a(libc_a-nano-vfprintf.o)
 .text.__sfputs_r
                0x0000000008009cba       0x24 C:/ST/STM32CubeIDE_1.14.0/STM32CubeIDE/plugins/com.st.stm32cube.ide.mcu.externaltools.gnu-tools-for-stm32.11.3.rel1.win32_1.1.100.202309141235/tools/bin/../lib/gcc/arm-none-eabi/11.3.1/../../../../arm-none-eabi/lib/thumb/v7e-m+fp/hard\libc_nano.a(libc_a-nano-vfprintf.o)
                0x0000000008009cba                __sfputs_r
 *fill*         0x0000000008009cde        0x2 
 .text._vfprintf_r
                0x0000000008009ce0      0x234 C:/ST/STM32CubeIDE_1.14.0/STM32CubeIDE/plugins/com.st.stm32cube.ide.mcu.externaltools.gnu-tools-for-stm32.11.3.rel1.win32_1.1.100.202309141235/tools/bin/../lib/gcc/arm-none-eabi/11.3.1/../../../../arm-none-eabi/lib/thumb/v7e-m+fp/hard\libc_nano.a(libc_a-nano-vfprintf.o)
                0x0000000008009ce0                _vfprintf_r
                0x0000000008009ce0                _vfiprintf_r
 .text.__swhatbuf_r
                0x0000000008009f14       0x4c C:/ST/STM32CubeIDE_1.14.0/STM32CubeIDE/plugins/com.st.stm32cube.ide.mcu.externaltools.gnu-tools-for-stm32.11.3.rel1.win32_1.1.100.202309141235/tools/bin/../lib/gcc/arm-none-eabi/11.3.1/../../../../arm-none-eabi/lib/thumb/v7e-m+fp/hard\libc_nano.a(libc_a-makebuf.o)
                0x0000000008009f14                __swhatbuf_r
 .text.__smakebuf_r
                0x0000000008009f60       0x78 C:/ST/STM32CubeIDE_1.14.0/STM32CubeIDE/plugins/com.st.stm32cube.ide.mcu.externaltools.gnu-tools-for-stm32.11.3.rel1.win32_1.1.100.202309141235/tools/bin/../lib/gcc/arm-none-eabi/11.3.1/../../../../arm-none-eabi/lib/thumb/v7e-m+fp/hard\libc_nano.a(libc_a-makebuf.o)
                0x0000000008009f60                __smakebuf_r
 .text._putc_r  0x0000000008009fd8       0x68 C:/ST/STM32CubeIDE_1.14.0/STM32CubeIDE/plugins/com.st.stm32cube.ide.mcu.externaltools.gnu-tools-for-stm32.11.3.rel1.win32_1.1.100.202309141235/tools/bin/../lib/gcc/arm-none-eabi/11.3.1/../../../../arm-none-eabi/lib/thumb/v7e-m+fp/hard\libc_nano.a(libc_a-putc.o)
                0x0000000008009fd8                _putc_r
 .text.memmove  0x000000000800a040       0x34 C:/ST/STM32CubeIDE_1.14.0/STM32CubeIDE/plugins/com.st.stm32cube.ide.mcu.externaltools.gnu-tools-for-stm32.11.3.rel1.win32_1.1.100.202309141235/tools/bin/../lib/gcc/arm-none-eabi/11.3.1/../../../../arm-none-eabi/lib/thumb/v7e-m+fp/hard\libc_nano.a(libc_a-memmove.o)
                0x000000000800a040                memmove
 .text._fstat_r
                0x000000000800a074       0x24 C:/ST/STM32CubeIDE_1.14.0/STM32CubeIDE/plugins/com.st.stm32cube.ide.mcu.externaltools.gnu-tools-for-stm32.11.3.rel1.win32_1.1.100.202309141235/tools/bin/../lib/gcc/arm-none-eabi/11.3.1/../../../../arm-none-eabi/lib/thumb/v7e-m+fp/hard\libc_nano.a(libc_a-fstatr.o)
                0x000000000800a074                _fstat_r
 .text._isatty_r
                0x000000000800a098       0x20 C:/ST/STM32CubeIDE_1.14.0/STM32CubeIDE/plugins/com.st.stm32cube.ide.mcu.externaltools.gnu-tools-for-stm32.11.3.rel1.win32_1.1.100.202309141235/tools/bin/../lib/gcc/arm-none-eabi/11.3.1/../../../../arm-none-eabi/lib/thumb/v7e-m+fp/hard\libc_nano.a(libc_a-isattyr.o)
                0x000000000800a098                _isatty_r
 .text._sbrk_r  0x000000000800a0b8       0x20 C:/ST/STM32CubeIDE_1.14.0/STM32CubeIDE/plugins/com.st.stm32cube.ide.mcu.externaltools.gnu-tools-for-stm32.11.3.rel1.win32_1.1.100.202309141235/tools/bin/../lib/gcc/arm-none-eabi/11.3.1/../../../../arm-none-eabi/lib/thumb/v7e-m+fp/hard\libc_nano.a(libc_a-sbrkr.o)
                0x000000000800a0b8                _sbrk_r
 .text.__assert_func
                0x000000000800a0d8       0x3c C:/ST/STM32CubeIDE_1.14.0/STM32CubeIDE/plugins/com.st.stm32cube.ide.mcu.externaltools.gnu-tools-for-stm32.11.3.rel1.win32_1.1.100.202309141235/tools/bin/../lib/gcc/arm-none-eabi/11.3.1/../../../../arm-none-eabi/lib/thumb/v7e-m+fp/hard\libc_nano.a(libc_a-assert.o)
                0x000000000800a0d8                __assert_func
 .text._calloc_r
                0x000000000800a114       0x2c C:/ST/STM32CubeIDE_1.14.0/STM32CubeIDE/plugins/com.st.stm32cube.ide.mcu.externaltools.gnu-tools-for-stm32.11.3.rel1.win32_1.1.100.202309141235/tools/bin/../lib/gcc/arm-none-eabi/11.3.1/../../../../arm-none-eabi/lib/thumb/v7e-m+fp/hard\libc_nano.a(libc_a-callocr.o)
                0x000000000800a114                _calloc_r
 .text.__ascii_mbtowc
                0x000000000800a140       0x24 C:/ST/STM32CubeIDE_1.14.0/STM32CubeIDE/plugins/com.st.stm32cube.ide.mcu.externaltools.gnu-tools-for-stm32.11.3.rel1.win32_1.1.100.202309141235/tools/bin/../lib/gcc/arm-none-eabi/11.3.1/../../../../arm-none-eabi/lib/thumb/v7e-m+fp/hard\libc_nano.a(libc_a-mbtowc_r.o)
                0x000000000800a140                __ascii_mbtowc
 .text._realloc_r
                0x000000000800a164       0x5e C:/ST/STM32CubeIDE_1.14.0/STM32CubeIDE/plugins/com.st.stm32cube.ide.mcu.externaltools.gnu-tools-for-stm32.11.3.rel1.win32_1.1.100.202309141235/tools/bin/../lib/gcc/arm-none-eabi/11.3.1/../../../../arm-none-eabi/lib/thumb/v7e-m+fp/hard\libc_nano.a(libc_a-reallocr.o)
                0x000000000800a164                _realloc_r
 .text.__ascii_wctomb
                0x000000000800a1c2       0x1a C:/ST/STM32CubeIDE_1.14.0/STM32CubeIDE/plugins/com.st.stm32cube.ide.mcu.externaltools.gnu-tools-for-stm32.11.3.rel1.win32_1.1.100.202309141235/tools/bin/../lib/gcc/arm-none-eabi/11.3.1/../../../../arm-none-eabi/lib/thumb/v7e-m+fp/hard\libc_nano.a(libc_a-wctomb_r.o)
                0x000000000800a1c2                __ascii_wctomb
 .text.fprintf  0x000000000800a1dc       0x24 C:/ST/STM32CubeIDE_1.14.0/STM32CubeIDE/plugins/com.st.stm32cube.ide.mcu.externaltools.gnu-tools-for-stm32.11.3.rel1.win32_1.1.100.202309141235/tools/bin/../lib/gcc/arm-none-eabi/11.3.1/../../../../arm-none-eabi/lib/thumb/v7e-m+fp/hard\libc_nano.a(libc_a-fprintf.o)
                0x000000000800a1dc                fiprintf
                0x000000000800a1dc                fprintf
 .text.abort    0x000000000800a200        0xe C:/ST/STM32CubeIDE_1.14.0/STM32CubeIDE/plugins/com.st.stm32cube.ide.mcu.externaltools.gnu-tools-for-stm32.11.3.rel1.win32_1.1.100.202309141235/tools/bin/../lib/gcc/arm-none-eabi/11.3.1/../../../../arm-none-eabi/lib/thumb/v7e-m+fp/hard\libc_nano.a(libc_a-abort.o)
                0x000000000800a200                abort
 .text._malloc_usable_size_r
                0x000000000800a20e       0x10 C:/ST/STM32CubeIDE_1.14.0/STM32CubeIDE/plugins/com.st.stm32cube.ide.mcu.externaltools.gnu-tools-for-stm32.11.3.rel1.win32_1.1.100.202309141235/tools/bin/../lib/gcc/arm-none-eabi/11.3.1/../../../../arm-none-eabi/lib/thumb/v7e-m+fp/hard\libc_nano.a(libc_a-msizer.o)
                0x000000000800a20e                _malloc_usable_size_r
 .text._raise_r
                0x000000000800a21e       0x50 C:/ST/STM32CubeIDE_1.14.0/STM32CubeIDE/plugins/com.st.stm32cube.ide.mcu.externaltools.gnu-tools-for-stm32.11.3.rel1.win32_1.1.100.202309141235/tools/bin/../lib/gcc/arm-none-eabi/11.3.1/../../../../arm-none-eabi/lib/thumb/v7e-m+fp/hard\libc_nano.a(libc_a-signal.o)
                0x000000000800a21e                _raise_r
 *fill*         0x000000000800a26e        0x2 
 .text.raise    0x000000000800a270       0x10 C:/ST/STM32CubeIDE_1.14.0/STM32CubeIDE/plugins/com.st.stm32cube.ide.mcu.externaltools.gnu-tools-for-stm32.11.3.rel1.win32_1.1.100.202309141235/tools/bin/../lib/gcc/arm-none-eabi/11.3.1/../../../../arm-none-eabi/lib/thumb/v7e-m+fp/hard\libc_nano.a(libc_a-signal.o)
                0x000000000800a270                raise
 .text._kill_r  0x000000000800a280       0x24 C:/ST/STM32CubeIDE_1.14.0/STM32CubeIDE/plugins/com.st.stm32cube.ide.mcu.externaltools.gnu-tools-for-stm32.11.3.rel1.win32_1.1.100.202309141235/tools/bin/../lib/gcc/arm-none-eabi/11.3.1/../../../../arm-none-eabi/lib/thumb/v7e-m+fp/hard\libc_nano.a(libc_a-signalr.o)
                0x000000000800a280                _kill_r
 .text._getpid_r
                0x000000000800a2a4        0x4 C:/ST/STM32CubeIDE_1.14.0/STM32CubeIDE/plugins/com.st.stm32cube.ide.mcu.externaltools.gnu-tools-for-stm32.11.3.rel1.win32_1.1.100.202309141235/tools/bin/../lib/gcc/arm-none-eabi/11.3.1/../../../../arm-none-eabi/lib/thumb/v7e-m+fp/hard\libc_nano.a(libc_a-signalr.o)
                0x000000000800a2a4                _getpid_r
 *(.glue_7)
 .glue_7        0x000000000800a2a8        0x0 linker stubs
 *(.glue_7t)
 .glue_7t       0x000000000800a2a8        0x0 linker stubs
 *(.eh_frame)
 .eh_frame      0x000000000800a2a8        0x0 C:/ST/STM32CubeIDE_1.14.0/STM32CubeIDE/plugins/com.st.stm32cube.ide.mcu.externaltools.gnu-tools-for-stm32.11.3.rel1.win32_1.1.100.202309141235/tools/bin/../lib/gcc/arm-none-eabi/11.3.1/thumb/v7e-m+fp/hard/crtbegin.o
 *(.init)
 .init          0x000000000800a2a8        0x4 C:/ST/STM32CubeIDE_1.14.0/STM32CubeIDE/plugins/com.st.stm32cube.ide.mcu.externaltools.gnu-tools-for-stm32.11.3.rel1.win32_1.1.100.202309141235/tools/bin/../lib/gcc/arm-none-eabi/11.3.1/thumb/v7e-m+fp/hard/crti.o
                0x000000000800a2a8                _init
 .init          0x000000000800a2ac        0x8 C:/ST/STM32CubeIDE_1.14.0/STM32CubeIDE/plugins/com.st.stm32cube.ide.mcu.externaltools.gnu-tools-for-stm32.11.3.rel1.win32_1.1.100.202309141235/tools/bin/../lib/gcc/arm-none-eabi/11.3.1/thumb/v7e-m+fp/hard/crtn.o
 *(.fini)
 .fini          0x000000000800a2b4        0x4 C:/ST/STM32CubeIDE_1.14.0/STM32CubeIDE/plugins/com.st.stm32cube.ide.mcu.externaltools.gnu-tools-for-stm32.11.3.rel1.win32_1.1.100.202309141235/tools/bin/../lib/gcc/arm-none-eabi/11.3.1/thumb/v7e-m+fp/hard/crti.o
                0x000000000800a2b4                _fini
 .fini          0x000000000800a2b8        0x8 C:/ST/STM32CubeIDE_1.14.0/STM32CubeIDE/plugins/com.st.stm32cube.ide.mcu.externaltools.gnu-tools-for-stm32.11.3.rel1.win32_1.1.100.202309141235/tools/bin/../lib/gcc/arm-none-eabi/11.3.1/thumb/v7e-m+fp/hard/crtn.o
                0x000000000800a2c0                . = ALIGN (0x4)
                0x000000000800a2c0                _etext = .

.vfp11_veneer   0x000000000800a2c0        0x0
 .vfp11_veneer  0x000000000800a2c0        0x0 linker stubs

.v4_bx          0x000000000800a2c0        0x0
 .v4_bx         0x000000000800a2c0        0x0 linker stubs

.iplt           0x000000000800a2c0        0x0
 .iplt          0x000000000800a2c0        0x0 C:/ST/STM32CubeIDE_1.14.0/STM32CubeIDE/plugins/com.st.stm32cube.ide.mcu.externaltools.gnu-tools-for-stm32.11.3.rel1.win32_1.1.100.202309141235/tools/bin/../lib/gcc/arm-none-eabi/11.3.1/thumb/v7e-m+fp/hard/crtbegin.o

.rodata         0x000000000800a2c0      0x594
                0x000000000800a2c0                . = ALIGN (0x4)
 *(.rodata)
 .rodata        0x000000000800a2c0       0xd7 ./BlueNRG_MS/App/app_bluenrg_ms.o
 *fill*         0x000000000800a397        0x1 
 .rodata        0x000000000800a398       0xa1 ./BlueNRG_MS/App/sample_service.o
 *fill*         0x000000000800a439        0x3 
 .rodata        0x000000000800a43c        0xd ./BlueNRG_MS/Target/hci_tl_interface.o
 *fill*         0x000000000800a449        0x3 
 .rodata        0x000000000800a44c       0x57 ./Core/Src/AS7421.o
 *fill*         0x000000000800a4a3        0x1 
 .rodata        0x000000000800a4a4        0xf ./Core/Src/main.o
 *(.rodata*)
 *fill*         0x000000000800a4b3        0x1 
 .rodata.AHBPrescTable
                0x000000000800a4b4       0x10 ./Core/Src/system_stm32f4xx.o
                0x000000000800a4b4                AHBPrescTable
 .rodata.APBPrescTable
                0x000000000800a4c4        0x8 ./Core/Src/system_stm32f4xx.o
                0x000000000800a4c4                APBPrescTable
 .rodata.LedGpioInit.4
                0x000000000800a4cc        0x4 ./Drivers/BSP/STM32F4xx_Nucleo/stm32f4xx_nucleo.o
 .rodata.ButtonGpioInit.3
                0x000000000800a4d0        0x4 ./Drivers/BSP/STM32F4xx_Nucleo/stm32f4xx_nucleo.o
 .rodata.BUTTON_EXTI_LINE.2
                0x000000000800a4d4        0x4 ./Drivers/BSP/STM32F4xx_Nucleo/stm32f4xx_nucleo.o
 .rodata.ButtonCallback.1
                0x000000000800a4d8        0x4 ./Drivers/BSP/STM32F4xx_Nucleo/stm32f4xx_nucleo.o
 .rodata.BSP_BUTTON_PRIO.0
                0x000000000800a4dc        0x4 ./Drivers/BSP/STM32F4xx_Nucleo/stm32f4xx_nucleo.o
 .rodata._printf_float.str1.1
                0x000000000800a4e0       0x12 C:/ST/STM32CubeIDE_1.14.0/STM32CubeIDE/plugins/com.st.stm32cube.ide.mcu.externaltools.gnu-tools-for-stm32.11.3.rel1.win32_1.1.100.202309141235/tools/bin/../lib/gcc/arm-none-eabi/11.3.1/../../../../arm-none-eabi/lib/thumb/v7e-m+fp/hard\libc_nano.a(libc_a-nano-vfprintf_float.o)
 .rodata._printf_i.str1.1
                0x000000000800a4f2       0x22 C:/ST/STM32CubeIDE_1.14.0/STM32CubeIDE/plugins/com.st.stm32cube.ide.mcu.externaltools.gnu-tools-for-stm32.11.3.rel1.win32_1.1.100.202309141235/tools/bin/../lib/gcc/arm-none-eabi/11.3.1/../../../../arm-none-eabi/lib/thumb/v7e-m+fp/hard\libc_nano.a(libc_a-nano-vfprintf_i.o)
 .rodata._dtoa_r.str1.1
                0x000000000800a514       0x8d C:/ST/STM32CubeIDE_1.14.0/STM32CubeIDE/plugins/com.st.stm32cube.ide.mcu.externaltools.gnu-tools-for-stm32.11.3.rel1.win32_1.1.100.202309141235/tools/bin/../lib/gcc/arm-none-eabi/11.3.1/../../../../arm-none-eabi/lib/thumb/v7e-m+fp/hard\libc_nano.a(libc_a-dtoa.o)
                                         0x8f (size before relaxing)
 .rodata._Balloc.str1.1