../Core/Src/AS7265x.c:20:6:begin	16	static
../Core/Src/AS7265x.c:59:6:isConnected	24	static
../Core/Src/AS7265x.c:102:16:readRegister	24	static
../Core/Src/AS7265x.c:110:13:writeRegister	56	dynamic
../Core/Src/AS7265x.c:120:16:virtualReadRegister	24	static
../Core/Src/AS7265x.c:175:13:virtualWriteRegister	24	static
../Core/Src/AS7265x.c:223:13:selectDevice	16	static
../Core/Src/AS7265x.c:229:7:convertBytesToFloat	24	static
../Core/Src/AS7265x.c:237:17:getChannel	24	static
../Core/Src/AS7265x.c:247:14:getCalibratedValue	24	static
../Core/Src/AS7265x.c:284:9:getDeviceType	8	static
../Core/Src/AS7265x.c:289:9:getHardwareVersion	8	static
../Core/Src/AS7265x.c:294:9:getMajorFirmwareVersion	8	static
../Core/Src/AS7265x.c:302:9:getPatchFirmwareVersion	8	static
../Core/Src/AS7265x.c:310:9:getBuildFirmwareVersion	8	static
../Core/Src/AS7265x.c:319:9:getTemperature	16	static
../Core/Src/AS7265x.c:326:7:getTemperatureAverage	16	static
../Core/Src/AS7265x.c:340:6:enableIndicator	16	static
../Core/Src/AS7265x.c:350:6:disableIndicator	16	static
../Core/Src/AS7265x.c:360:6:enableLED	24	static
../Core/Src/AS7265x.c:370:6:disableLED	24	static
../Core/Src/AS7265x.c:384:6:setGain	24	static
../Core/Src/AS7265x.c:402:6:setMeasurementMode	24	static
../Core/Src/AS7265x.c:419:6:setIntegrationCycles	16	static
../Core/Src/AS7265x.c:431:6:dataAvailable	16	static
../Core/Src/AS7265x.c:438:6:takeMeasurements	16	static
../Core/Src/AS7265x.c:457:6:takeMeasurementsWithLED	8	static
../Core/Src/AS7265x.c:475:6:setLEDCurrent	24	static
../Core/Src/AS7265x.c:495:6:setIndicatorCurrent	24	static
../Core/Src/AS7265x.c:511:6:enableInterrupt	16	static
../Core/Src/AS7265x.c:520:6:disableInterrupt	16	static
../Core/Src/AS7265x.c:529:6:softReset	16	static
../Core/Src/AS7265x.c:539:10:getRawA	8	static
../Core/Src/AS7265x.c:543:10:getRawB	8	static
../Core/Src/AS7265x.c:547:10:getRawC	8	static
../Core/Src/AS7265x.c:551:10:getRawD	8	static
../Core/Src/AS7265x.c:555:10:getRawE	8	static
../Core/Src/AS7265x.c:559:10:getRawF	8	static
../Core/Src/AS7265x.c:565:10:getRawG	8	static
../Core/Src/AS7265x.c:569:10:getRawH	8	static
../Core/Src/AS7265x.c:573:10:getRawI	8	static
../Core/Src/AS7265x.c:577:10:getRawJ	8	static
../Core/Src/AS7265x.c:581:10:getRawK	8	static
../Core/Src/AS7265x.c:585:10:getRawL	8	static
../Core/Src/AS7265x.c:591:10:getRawR	8	static
../Core/Src/AS7265x.c:595:10:getRawS	8	static
../Core/Src/AS7265x.c:599:10:getRawT	8	static
../Core/Src/AS7265x.c:603:10:getRawU	8	static
../Core/Src/AS7265x.c:607:10:getRawV	8	static
../Core/Src/AS7265x.c:611:10:getRawW	8	static
../Core/Src/AS7265x.c:618:7:getCalibratedA	8	static
../Core/Src/AS7265x.c:622:7:getCalibratedB	8	static
../Core/Src/AS7265x.c:626:7:getCalibratedC	8	static
../Core/Src/AS7265x.c:630:7:getCalibratedD	8	static
../Core/Src/AS7265x.c:634:7:getCalibratedE	8	static
../Core/Src/AS7265x.c:638:7:getCalibratedF	8	static
../Core/Src/AS7265x.c:644:7:getCalibratedG	8	static
../Core/Src/AS7265x.c:648:7:getCalibratedH	8	static
../Core/Src/AS7265x.c:652:7:getCalibratedI	8	static
../Core/Src/AS7265x.c:656:7:getCalibratedJ	8	static
../Core/Src/AS7265x.c:660:7:getCalibratedK	8	static
../Core/Src/AS7265x.c:664:7:getCalibratedL	8	static
../Core/Src/AS7265x.c:670:7:getCalibratedR	8	static
../Core/Src/AS7265x.c:674:7:getCalibratedS	8	static
../Core/Src/AS7265x.c:678:7:getCalibratedT	8	static
../Core/Src/AS7265x.c:682:7:getCalibratedU	8	static
../Core/Src/AS7265x.c:686:7:getCalibratedV	8	static
../Core/Src/AS7265x.c:690:7:getCalibratedW	8	static
