../Src/AS7265x.c:21:6:begin	16	static
../Src/AS7265x.c:63:6:isConnected	24	static
../Src/AS7265x.c:105:6:fpu_enable	4	static
../Src/AS7265x.c:115:16:readRegister	24	static
../Src/AS7265x.c:123:13:writeRegister	56	dynamic
../Src/AS7265x.c:133:16:virtualReadRegister	24	static
../Src/AS7265x.c:188:13:virtualWriteRegister	24	static
../Src/AS7265x.c:236:13:selectDevice	16	static
../Src/AS7265x.c:242:7:convertBytesToFloat	24	static
../Src/AS7265x.c:250:17:getChannel	24	static
../Src/AS7265x.c:260:14:getCalibratedValue	24	static
../Src/AS7265x.c:297:9:getDeviceType	8	static
../Src/AS7265x.c:302:9:getHardwareVersion	8	static
../Src/AS7265x.c:307:9:getMajorFirmwareVersion	8	static
../Src/AS7265x.c:315:9:getPatchFirmwareVersion	8	static
../Src/AS7265x.c:323:9:getBuildFirmwareVersion	8	static
../Src/AS7265x.c:332:9:getTemperature	16	static
../Src/AS7265x.c:339:7:getTemperatureAverage	16	static
../Src/AS7265x.c:353:6:enableIndicator	16	static
../Src/AS7265x.c:363:6:disableIndicator	16	static
../Src/AS7265x.c:373:6:enableLED	24	static
../Src/AS7265x.c:383:6:disableLED	24	static
../Src/AS7265x.c:397:6:setGain	24	static
../Src/AS7265x.c:415:6:setMeasurementMode	24	static
../Src/AS7265x.c:432:6:setIntegrationCycles	16	static
../Src/AS7265x.c:444:6:dataAvailable	16	static
../Src/AS7265x.c:451:6:takeMeasurements	16	static
../Src/AS7265x.c:470:6:takeMeasurementsWithLED	8	static
../Src/AS7265x.c:488:6:setLEDCurrent	24	static
../Src/AS7265x.c:508:6:setIndicatorCurrent	24	static
../Src/AS7265x.c:524:6:enableInterrupt	16	static
../Src/AS7265x.c:533:6:disableInterrupt	16	static
../Src/AS7265x.c:542:6:softReset	16	static
../Src/AS7265x.c:552:10:getRawA	8	static
../Src/AS7265x.c:556:10:getRawB	8	static
../Src/AS7265x.c:560:10:getRawC	8	static
../Src/AS7265x.c:564:10:getRawD	8	static
../Src/AS7265x.c:568:10:getRawE	8	static
../Src/AS7265x.c:572:10:getRawF	8	static
../Src/AS7265x.c:578:10:getRawG	8	static
../Src/AS7265x.c:582:10:getRawH	8	static
../Src/AS7265x.c:586:10:getRawI	8	static
../Src/AS7265x.c:590:10:getRawJ	8	static
../Src/AS7265x.c:594:10:getRawK	8	static
../Src/AS7265x.c:598:10:getRawL	8	static
../Src/AS7265x.c:604:10:getRawR	8	static
../Src/AS7265x.c:608:10:getRawS	8	static
../Src/AS7265x.c:612:10:getRawT	8	static
../Src/AS7265x.c:616:10:getRawU	8	static
../Src/AS7265x.c:620:10:getRawV	8	static
../Src/AS7265x.c:624:10:getRawW	8	static
../Src/AS7265x.c:631:7:getCalibratedA	8	static
../Src/AS7265x.c:635:7:getCalibratedB	8	static
../Src/AS7265x.c:639:7:getCalibratedC	8	static
../Src/AS7265x.c:643:7:getCalibratedD	8	static
../Src/AS7265x.c:647:7:getCalibratedE	8	static
../Src/AS7265x.c:651:7:getCalibratedF	8	static
../Src/AS7265x.c:657:7:getCalibratedG	8	static
../Src/AS7265x.c:661:7:getCalibratedH	8	static
../Src/AS7265x.c:665:7:getCalibratedI	8	static
../Src/AS7265x.c:669:7:getCalibratedJ	8	static
../Src/AS7265x.c:673:7:getCalibratedK	8	static
../Src/AS7265x.c:677:7:getCalibratedL	8	static
../Src/AS7265x.c:683:7:getCalibratedR	8	static
../Src/AS7265x.c:687:7:getCalibratedS	8	static
../Src/AS7265x.c:691:7:getCalibratedT	8	static
../Src/AS7265x.c:695:7:getCalibratedU	8	static
../Src/AS7265x.c:699:7:getCalibratedV	8	static
../Src/AS7265x.c:703:7:getCalibratedW	8	static
