../Src/AS7265x.c:21:6:begin	16	static
../Src/AS7265x.c:63:6:isConnected	24	static
../Src/AS7265x.c:106:16:readRegister	24	static
../Src/AS7265x.c:114:13:writeRegister	56	dynamic
../Src/AS7265x.c:124:16:virtualReadRegister	24	static
../Src/AS7265x.c:179:13:virtualWriteRegister	24	static
../Src/AS7265x.c:227:13:selectDevice	16	static
../Src/AS7265x.c:233:7:convertBytesToFloat	24	static
../Src/AS7265x.c:241:17:getChannel	24	static
../Src/AS7265x.c:251:14:getCalibratedValue	24	static
../Src/AS7265x.c:288:9:getDeviceType	8	static
../Src/AS7265x.c:293:9:getHardwareVersion	8	static
../Src/AS7265x.c:298:9:getMajorFirmwareVersion	8	static
../Src/AS7265x.c:306:9:getPatchFirmwareVersion	8	static
../Src/AS7265x.c:314:9:getBuildFirmwareVersion	8	static
../Src/AS7265x.c:323:9:getTemperature	16	static
../Src/AS7265x.c:330:7:getTemperatureAverage	16	static
../Src/AS7265x.c:344:6:enableIndicator	16	static
../Src/AS7265x.c:354:6:disableIndicator	16	static
../Src/AS7265x.c:364:6:enableLED	24	static
../Src/AS7265x.c:374:6:disableLED	24	static
../Src/AS7265x.c:388:6:setGain	24	static
../Src/AS7265x.c:406:6:setMeasurementMode	24	static
../Src/AS7265x.c:423:6:setIntegrationCycles	16	static
../Src/AS7265x.c:435:6:dataAvailable	16	static
../Src/AS7265x.c:442:6:takeMeasurements	16	static
../Src/AS7265x.c:461:6:takeMeasurementsWithLED	8	static
../Src/AS7265x.c:479:6:setLEDCurrent	24	static
../Src/AS7265x.c:499:6:setIndicatorCurrent	24	static
../Src/AS7265x.c:515:6:enableInterrupt	16	static
../Src/AS7265x.c:524:6:disableInterrupt	16	static
../Src/AS7265x.c:533:6:softReset	16	static
../Src/AS7265x.c:543:10:getRawA	8	static
../Src/AS7265x.c:547:10:getRawB	8	static
../Src/AS7265x.c:551:10:getRawC	8	static
../Src/AS7265x.c:555:10:getRawD	8	static
../Src/AS7265x.c:559:10:getRawE	8	static
../Src/AS7265x.c:563:10:getRawF	8	static
../Src/AS7265x.c:569:10:getRawG	8	static
../Src/AS7265x.c:573:10:getRawH	8	static
../Src/AS7265x.c:577:10:getRawI	8	static
../Src/AS7265x.c:581:10:getRawJ	8	static
../Src/AS7265x.c:585:10:getRawK	8	static
../Src/AS7265x.c:589:10:getRawL	8	static
../Src/AS7265x.c:595:10:getRawR	8	static
../Src/AS7265x.c:599:10:getRawS	8	static
../Src/AS7265x.c:603:10:getRawT	8	static
../Src/AS7265x.c:607:10:getRawU	8	static
../Src/AS7265x.c:611:10:getRawV	8	static
../Src/AS7265x.c:615:10:getRawW	8	static
../Src/AS7265x.c:622:7:getCalibratedA	8	static
../Src/AS7265x.c:626:7:getCalibratedB	8	static
../Src/AS7265x.c:630:7:getCalibratedC	8	static
../Src/AS7265x.c:634:7:getCalibratedD	8	static
../Src/AS7265x.c:638:7:getCalibratedE	8	static
../Src/AS7265x.c:642:7:getCalibratedF	8	static
../Src/AS7265x.c:648:7:getCalibratedG	8	static
../Src/AS7265x.c:652:7:getCalibratedH	8	static
../Src/AS7265x.c:656:7:getCalibratedI	8	static
../Src/AS7265x.c:660:7:getCalibratedJ	8	static
../Src/AS7265x.c:664:7:getCalibratedK	8	static
../Src/AS7265x.c:668:7:getCalibratedL	8	static
../Src/AS7265x.c:674:7:getCalibratedR	8	static
../Src/AS7265x.c:678:7:getCalibratedS	8	static
../Src/AS7265x.c:682:7:getCalibratedT	8	static
../Src/AS7265x.c:686:7:getCalibratedU	8	static
../Src/AS7265x.c:690:7:getCalibratedV	8	static
../Src/AS7265x.c:694:7:getCalibratedW	8	static
