../Src/AS7265x.c:21:6:begin	8	static
../Src/AS7265x.c:28:16:readRegister	24	static
../Src/AS7265x.c:36:13:writeRegister	56	dynamic
../Src/AS7265x.c:46:16:virtualReadRegister	24	static
../Src/AS7265x.c:88:13:virtualWriteRegister	24	static
../Src/AS7265x.c:124:13:selectDevice	16	static
../Src/AS7265x.c:130:7:convertBytesToFloat	24	static
../Src/AS7265x.c:138:17:getChannel	24	static
../Src/AS7265x.c:148:14:getCalibratedValue	24	static
../Src/AS7265x.c:185:9:getDeviceType	8	static
../Src/AS7265x.c:190:9:getHardwareVersion	8	static
../Src/AS7265x.c:195:9:getMajorFirmwareVersion	8	static
../Src/AS7265x.c:203:9:getPatchFirmwareVersion	8	static
../Src/AS7265x.c:211:9:getBuildFirmwareVersion	8	static
../Src/AS7265x.c:220:9:getTemperature	16	static
../Src/AS7265x.c:227:7:getTemperatureAverage	16	static
../Src/AS7265x.c:243:6:enableIndicator	16	static
../Src/AS7265x.c:253:6:disableIndicator	16	static
../Src/AS7265x.c:263:6:enableLED	24	static
../Src/AS7265x.c:273:6:disableLED	24	static
../Src/AS7265x.c:287:6:setGain	24	static
../Src/AS7265x.c:305:6:setMeasurementMode	24	static
../Src/AS7265x.c:324:6:setLEDCurrent	24	static
../Src/AS7265x.c:344:6:setIndicatorCurrent	24	static
../Src/AS7265x.c:362:6:softReset	16	static
../Src/AS7265x.c:374:10:getRawA	8	static
../Src/AS7265x.c:378:10:getRawB	8	static
../Src/AS7265x.c:382:10:getRawC	8	static
../Src/AS7265x.c:386:10:getRawD	8	static
../Src/AS7265x.c:390:10:getRawE	8	static
../Src/AS7265x.c:394:10:getRawF	8	static
../Src/AS7265x.c:400:10:getRawG	8	static
../Src/AS7265x.c:404:10:getRawH	8	static
../Src/AS7265x.c:408:10:getRawI	8	static
../Src/AS7265x.c:412:10:getRawJ	8	static
../Src/AS7265x.c:416:10:getRawK	8	static
../Src/AS7265x.c:420:10:getRawL	8	static
../Src/AS7265x.c:426:10:getRawR	8	static
../Src/AS7265x.c:430:10:getRawS	8	static
../Src/AS7265x.c:434:10:getRawT	8	static
../Src/AS7265x.c:438:10:getRawU	8	static
../Src/AS7265x.c:442:10:getRawV	8	static
../Src/AS7265x.c:446:10:getRawW	8	static
../Src/AS7265x.c:453:7:getCalibratedA	8	static
../Src/AS7265x.c:457:7:getCalibratedB	8	static
../Src/AS7265x.c:461:7:getCalibratedC	8	static
../Src/AS7265x.c:465:7:getCalibratedD	8	static
../Src/AS7265x.c:469:7:getCalibratedE	8	static
../Src/AS7265x.c:473:7:getCalibratedF	8	static
../Src/AS7265x.c:479:7:getCalibratedG	8	static
../Src/AS7265x.c:483:7:getCalibratedH	8	static
../Src/AS7265x.c:487:7:getCalibratedI	8	static
../Src/AS7265x.c:491:7:getCalibratedJ	8	static
../Src/AS7265x.c:495:7:getCalibratedK	8	static
../Src/AS7265x.c:499:7:getCalibratedL	8	static
../Src/AS7265x.c:505:7:getCalibratedR	8	static
../Src/AS7265x.c:509:7:getCalibratedS	8	static
../Src/AS7265x.c:513:7:getCalibratedT	8	static
../Src/AS7265x.c:517:7:getCalibratedU	8	static
../Src/AS7265x.c:521:7:getCalibratedV	8	static
../Src/AS7265x.c:525:7:getCalibratedW	8	static
