../Src/AS7265x.c:21:6:begin	16	static
../Src/AS7265x.c:62:6:isConnected	24	static
../Src/AS7265x.c:105:16:readRegister	24	static
../Src/AS7265x.c:113:13:writeRegister	56	dynamic
../Src/AS7265x.c:123:16:virtualReadRegister	24	static
../Src/AS7265x.c:178:13:virtualWriteRegister	24	static
../Src/AS7265x.c:226:13:selectDevice	16	static
../Src/AS7265x.c:232:7:convertBytesToFloat	24	static
../Src/AS7265x.c:240:17:getChannel	24	static
../Src/AS7265x.c:250:14:getCalibratedValue	24	static
../Src/AS7265x.c:287:9:getDeviceType	8	static
../Src/AS7265x.c:292:9:getHardwareVersion	8	static
../Src/AS7265x.c:297:9:getMajorFirmwareVersion	8	static
../Src/AS7265x.c:305:9:getPatchFirmwareVersion	8	static
../Src/AS7265x.c:313:9:getBuildFirmwareVersion	8	static
../Src/AS7265x.c:322:9:getTemperature	16	static
../Src/AS7265x.c:329:7:getTemperatureAverage	16	static
../Src/AS7265x.c:343:6:enableIndicator	16	static
../Src/AS7265x.c:353:6:disableIndicator	16	static
../Src/AS7265x.c:363:6:enableLED	24	static
../Src/AS7265x.c:373:6:disableLED	24	static
../Src/AS7265x.c:387:6:setGain	24	static
../Src/AS7265x.c:405:6:setMeasurementMode	24	static
../Src/AS7265x.c:422:6:setIntegrationCycles	16	static
../Src/AS7265x.c:434:6:dataAvailable	16	static
../Src/AS7265x.c:441:6:takeMeasurements	16	static
../Src/AS7265x.c:460:6:takeMeasurementsWithLED	8	static
../Src/AS7265x.c:478:6:setLEDCurrent	24	static
../Src/AS7265x.c:498:6:setIndicatorCurrent	24	static
../Src/AS7265x.c:514:6:enableInterrupt	16	static
../Src/AS7265x.c:523:6:disableInterrupt	16	static
../Src/AS7265x.c:532:6:softReset	16	static
../Src/AS7265x.c:542:10:getRawA	8	static
../Src/AS7265x.c:546:10:getRawB	8	static
../Src/AS7265x.c:550:10:getRawC	8	static
../Src/AS7265x.c:554:10:getRawD	8	static
../Src/AS7265x.c:558:10:getRawE	8	static
../Src/AS7265x.c:562:10:getRawF	8	static
../Src/AS7265x.c:568:10:getRawG	8	static
../Src/AS7265x.c:572:10:getRawH	8	static
../Src/AS7265x.c:576:10:getRawI	8	static
../Src/AS7265x.c:580:10:getRawJ	8	static
../Src/AS7265x.c:584:10:getRawK	8	static
../Src/AS7265x.c:588:10:getRawL	8	static
../Src/AS7265x.c:594:10:getRawR	8	static
../Src/AS7265x.c:598:10:getRawS	8	static
../Src/AS7265x.c:602:10:getRawT	8	static
../Src/AS7265x.c:606:10:getRawU	8	static
../Src/AS7265x.c:610:10:getRawV	8	static
../Src/AS7265x.c:614:10:getRawW	8	static
../Src/AS7265x.c:621:7:getCalibratedA	8	static
../Src/AS7265x.c:625:7:getCalibratedB	8	static
../Src/AS7265x.c:629:7:getCalibratedC	8	static
../Src/AS7265x.c:633:7:getCalibratedD	8	static
../Src/AS7265x.c:637:7:getCalibratedE	8	static
../Src/AS7265x.c:641:7:getCalibratedF	8	static
../Src/AS7265x.c:647:7:getCalibratedG	8	static
../Src/AS7265x.c:651:7:getCalibratedH	8	static
../Src/AS7265x.c:655:7:getCalibratedI	8	static
../Src/AS7265x.c:659:7:getCalibratedJ	8	static
../Src/AS7265x.c:663:7:getCalibratedK	8	static
../Src/AS7265x.c:667:7:getCalibratedL	8	static
../Src/AS7265x.c:673:7:getCalibratedR	8	static
../Src/AS7265x.c:677:7:getCalibratedS	8	static
../Src/AS7265x.c:681:7:getCalibratedT	8	static
../Src/AS7265x.c:685:7:getCalibratedU	8	static
../Src/AS7265x.c:689:7:getCalibratedV	8	static
../Src/AS7265x.c:693:7:getCalibratedW	8	static
