../Src/AS7265x.c:21:6:begin	8	static
../Src/AS7265x.c:29:16:readRegister	24	static
../Src/AS7265x.c:37:13:writeRegister	56	dynamic
../Src/AS7265x.c:47:16:virtualReadRegister	24	static
../Src/AS7265x.c:102:13:virtualWriteRegister	24	static
../Src/AS7265x.c:148:13:selectDevice	16	static
../Src/AS7265x.c:154:7:convertBytesToFloat	24	static
../Src/AS7265x.c:162:17:getChannel	24	static
../Src/AS7265x.c:172:14:getCalibratedValue	24	static
../Src/AS7265x.c:209:9:getDeviceType	8	static
../Src/AS7265x.c:214:9:getHardwareVersion	8	static
../Src/AS7265x.c:219:9:getMajorFirmwareVersion	8	static
../Src/AS7265x.c:227:9:getPatchFirmwareVersion	8	static
../Src/AS7265x.c:235:9:getBuildFirmwareVersion	8	static
../Src/AS7265x.c:244:9:getTemperature	16	static
../Src/AS7265x.c:251:7:getTemperatureAverage	16	static
../Src/AS7265x.c:267:6:enableIndicator	16	static
../Src/AS7265x.c:277:6:disableIndicator	16	static
../Src/AS7265x.c:287:6:enableLED	24	static
../Src/AS7265x.c:297:6:disableLED	24	static
../Src/AS7265x.c:311:6:setGain	24	static
../Src/AS7265x.c:329:6:setMeasurementMode	24	static
../Src/AS7265x.c:346:6:setIntegrationCycles	16	static
../Src/AS7265x.c:362:6:setLEDCurrent	24	static
../Src/AS7265x.c:382:6:setIndicatorCurrent	24	static
../Src/AS7265x.c:400:6:softReset	16	static
../Src/AS7265x.c:412:10:getRawA	8	static
../Src/AS7265x.c:416:10:getRawB	8	static
../Src/AS7265x.c:420:10:getRawC	8	static
../Src/AS7265x.c:424:10:getRawD	8	static
../Src/AS7265x.c:428:10:getRawE	8	static
../Src/AS7265x.c:432:10:getRawF	8	static
../Src/AS7265x.c:438:10:getRawG	8	static
../Src/AS7265x.c:442:10:getRawH	8	static
../Src/AS7265x.c:446:10:getRawI	8	static
../Src/AS7265x.c:450:10:getRawJ	8	static
../Src/AS7265x.c:454:10:getRawK	8	static
../Src/AS7265x.c:458:10:getRawL	8	static
../Src/AS7265x.c:464:10:getRawR	8	static
../Src/AS7265x.c:468:10:getRawS	8	static
../Src/AS7265x.c:472:10:getRawT	8	static
../Src/AS7265x.c:476:10:getRawU	8	static
../Src/AS7265x.c:480:10:getRawV	8	static
../Src/AS7265x.c:484:10:getRawW	8	static
../Src/AS7265x.c:491:7:getCalibratedA	8	static
../Src/AS7265x.c:495:7:getCalibratedB	8	static
../Src/AS7265x.c:499:7:getCalibratedC	8	static
../Src/AS7265x.c:503:7:getCalibratedD	8	static
../Src/AS7265x.c:507:7:getCalibratedE	8	static
../Src/AS7265x.c:511:7:getCalibratedF	8	static
../Src/AS7265x.c:517:7:getCalibratedG	8	static
../Src/AS7265x.c:521:7:getCalibratedH	8	static
../Src/AS7265x.c:525:7:getCalibratedI	8	static
../Src/AS7265x.c:529:7:getCalibratedJ	8	static
../Src/AS7265x.c:533:7:getCalibratedK	8	static
../Src/AS7265x.c:537:7:getCalibratedL	8	static
../Src/AS7265x.c:543:7:getCalibratedR	8	static
../Src/AS7265x.c:547:7:getCalibratedS	8	static
../Src/AS7265x.c:551:7:getCalibratedT	8	static
../Src/AS7265x.c:555:7:getCalibratedU	8	static
../Src/AS7265x.c:559:7:getCalibratedV	8	static
../Src/AS7265x.c:563:7:getCalibratedW	8	static
