../Src/AS7265x.c:21:6:initialize	16	static
../Src/AS7265x.c:63:6:isConnected	24	static
../Src/AS7265x.c:105:6:fpu_enable	4	static
../Src/AS7265x.c:115:16:readRegister	24	static
../Src/AS7265x.c:123:13:writeRegister	56	dynamic
../Src/AS7265x.c:133:16:virtualReadRegister	24	static
../Src/AS7265x.c:188:13:virtualWriteRegister	24	static
../Src/AS7265x.c:236:13:selectDevice	16	static
../Src/AS7265x.c:242:7:convertBytesToFloat	24	static
../Src/AS7265x.c:250:17:getChannel	24	static
../Src/AS7265x.c:260:14:getCalibratedValue	32	static
../Src/AS7265x.c:298:9:getDeviceType	8	static
../Src/AS7265x.c:303:9:getHardwareVersion	8	static
../Src/AS7265x.c:308:9:getMajorFirmwareVersion	8	static
../Src/AS7265x.c:316:9:getPatchFirmwareVersion	8	static
../Src/AS7265x.c:324:9:getBuildFirmwareVersion	8	static
../Src/AS7265x.c:333:9:getTemperature	16	static
../Src/AS7265x.c:340:7:getTemperatureAverage	16	static
../Src/AS7265x.c:354:6:enableIndicator	16	static
../Src/AS7265x.c:364:6:disableIndicator	16	static
../Src/AS7265x.c:374:6:enableLED	24	static
../Src/AS7265x.c:384:6:disableLED	24	static
../Src/AS7265x.c:398:6:setGain	24	static
../Src/AS7265x.c:416:6:setMeasurementMode	24	static
../Src/AS7265x.c:433:6:setIntegrationCycles	16	static
../Src/AS7265x.c:445:6:dataAvailable	16	static
../Src/AS7265x.c:452:6:takeMeasurements	16	static
../Src/AS7265x.c:471:6:takeMeasurementsWithLED	8	static
../Src/AS7265x.c:489:6:setLEDCurrent	24	static
../Src/AS7265x.c:509:6:setIndicatorCurrent	24	static
../Src/AS7265x.c:525:6:enableInterrupt	16	static
../Src/AS7265x.c:534:6:disableInterrupt	16	static
../Src/AS7265x.c:543:6:softReset	16	static
../Src/AS7265x.c:553:10:getRawA	8	static
../Src/AS7265x.c:557:10:getRawB	8	static
../Src/AS7265x.c:561:10:getRawC	8	static
../Src/AS7265x.c:565:10:getRawD	8	static
../Src/AS7265x.c:569:10:getRawE	8	static
../Src/AS7265x.c:573:10:getRawF	8	static
../Src/AS7265x.c:579:10:getRawG	8	static
../Src/AS7265x.c:583:10:getRawH	8	static
../Src/AS7265x.c:587:10:getRawI	8	static
../Src/AS7265x.c:591:10:getRawJ	8	static
../Src/AS7265x.c:595:10:getRawK	8	static
../Src/AS7265x.c:599:10:getRawL	8	static
../Src/AS7265x.c:605:10:getRawR	8	static
../Src/AS7265x.c:609:10:getRawS	8	static
../Src/AS7265x.c:613:10:getRawT	8	static
../Src/AS7265x.c:617:10:getRawU	8	static
../Src/AS7265x.c:621:10:getRawV	8	static
../Src/AS7265x.c:625:10:getRawW	8	static
../Src/AS7265x.c:632:7:getCalibratedA	8	static
../Src/AS7265x.c:636:7:getCalibratedB	8	static
../Src/AS7265x.c:640:7:getCalibratedC	8	static
../Src/AS7265x.c:644:7:getCalibratedD	8	static
../Src/AS7265x.c:648:7:getCalibratedE	8	static
../Src/AS7265x.c:652:7:getCalibratedF	8	static
../Src/AS7265x.c:658:7:getCalibratedG	8	static
../Src/AS7265x.c:662:7:getCalibratedH	8	static
../Src/AS7265x.c:666:7:getCalibratedI	8	static
../Src/AS7265x.c:670:7:getCalibratedJ	8	static
../Src/AS7265x.c:674:7:getCalibratedK	8	static
../Src/AS7265x.c:678:7:getCalibratedL	8	static
../Src/AS7265x.c:684:7:getCalibratedR	8	static
../Src/AS7265x.c:688:7:getCalibratedS	8	static
../Src/AS7265x.c:692:7:getCalibratedT	8	static
../Src/AS7265x.c:696:7:getCalibratedU	8	static
../Src/AS7265x.c:700:7:getCalibratedV	8	static
../Src/AS7265x.c:704:7:getCalibratedW	8	static
