../Src/AS7265x.c:21:6:begin	8	static
../Src/AS7265x.c:29:16:readRegister	24	static
../Src/AS7265x.c:37:13:writeRegister	56	dynamic
../Src/AS7265x.c:47:16:virtualReadRegister	24	static
../Src/AS7265x.c:102:13:virtualWriteRegister	24	static
../Src/AS7265x.c:150:13:selectDevice	16	static
../Src/AS7265x.c:156:7:convertBytesToFloat	24	static
../Src/AS7265x.c:164:17:getChannel	24	static
../Src/AS7265x.c:174:14:getCalibratedValue	24	static
../Src/AS7265x.c:211:9:getDeviceType	8	static
../Src/AS7265x.c:216:9:getHardwareVersion	8	static
../Src/AS7265x.c:221:9:getMajorFirmwareVersion	8	static
../Src/AS7265x.c:229:9:getPatchFirmwareVersion	8	static
../Src/AS7265x.c:237:9:getBuildFirmwareVersion	8	static
../Src/AS7265x.c:246:9:getTemperature	16	static
../Src/AS7265x.c:253:7:getTemperatureAverage	16	static
../Src/AS7265x.c:267:6:enableIndicator	16	static
../Src/AS7265x.c:277:6:disableIndicator	16	static
../Src/AS7265x.c:287:6:enableLED	24	static
../Src/AS7265x.c:297:6:disableLED	24	static
../Src/AS7265x.c:311:6:setGain	24	static
../Src/AS7265x.c:329:6:setMeasurementMode	24	static
../Src/AS7265x.c:346:6:setIntegrationCycles	16	static
../Src/AS7265x.c:358:6:dataAvailable	16	static
../Src/AS7265x.c:365:6:takeMeasurements	16	static
../Src/AS7265x.c:384:6:takeMeasurementsWithLED	8	static
../Src/AS7265x.c:402:6:setLEDCurrent	24	static
../Src/AS7265x.c:422:6:setIndicatorCurrent	24	static
../Src/AS7265x.c:438:6:enableInterrupt	16	static
../Src/AS7265x.c:447:6:disableInterrupt	16	static
../Src/AS7265x.c:456:6:softReset	16	static
../Src/AS7265x.c:466:10:getRawA	8	static
../Src/AS7265x.c:470:10:getRawB	8	static
../Src/AS7265x.c:474:10:getRawC	8	static
../Src/AS7265x.c:478:10:getRawD	8	static
../Src/AS7265x.c:482:10:getRawE	8	static
../Src/AS7265x.c:486:10:getRawF	8	static
../Src/AS7265x.c:492:10:getRawG	8	static
../Src/AS7265x.c:496:10:getRawH	8	static
../Src/AS7265x.c:500:10:getRawI	8	static
../Src/AS7265x.c:504:10:getRawJ	8	static
../Src/AS7265x.c:508:10:getRawK	8	static
../Src/AS7265x.c:512:10:getRawL	8	static
../Src/AS7265x.c:518:10:getRawR	8	static
../Src/AS7265x.c:522:10:getRawS	8	static
../Src/AS7265x.c:526:10:getRawT	8	static
../Src/AS7265x.c:530:10:getRawU	8	static
../Src/AS7265x.c:534:10:getRawV	8	static
../Src/AS7265x.c:538:10:getRawW	8	static
../Src/AS7265x.c:545:7:getCalibratedA	8	static
../Src/AS7265x.c:549:7:getCalibratedB	8	static
../Src/AS7265x.c:553:7:getCalibratedC	8	static
../Src/AS7265x.c:557:7:getCalibratedD	8	static
../Src/AS7265x.c:561:7:getCalibratedE	8	static
../Src/AS7265x.c:565:7:getCalibratedF	8	static
../Src/AS7265x.c:571:7:getCalibratedG	8	static
../Src/AS7265x.c:575:7:getCalibratedH	8	static
../Src/AS7265x.c:579:7:getCalibratedI	8	static
../Src/AS7265x.c:583:7:getCalibratedJ	8	static
../Src/AS7265x.c:587:7:getCalibratedK	8	static
../Src/AS7265x.c:591:7:getCalibratedL	8	static
../Src/AS7265x.c:597:7:getCalibratedR	8	static
../Src/AS7265x.c:601:7:getCalibratedS	8	static
../Src/AS7265x.c:605:7:getCalibratedT	8	static
../Src/AS7265x.c:609:7:getCalibratedU	8	static
../Src/AS7265x.c:613:7:getCalibratedV	8	static
../Src/AS7265x.c:617:7:getCalibratedW	8	static
