../Src/AS7421.c:11:16:AS7421_readRegister	24	static
../Src/AS7421.c:19:13:AS7421_readRegisters	16	static
../Src/AS7421.c:25:13:AS7421_writeRegister	56	dynamic
../Src/AS7421.c:35:13:AS7421_writeRegisters	16	static
../Src/AS7421.c:47:6:fpu_enable	4	static
../Src/AS7421.c:57:6:isConnected	24	static
../Src/AS7421.c:101:6:initialize	8	static
../Src/AS7421.c:128:6:startup	16	static
../Src/AS7421.c:149:6:performMeasurements	24	static
../Src/AS7421.c:167:6:configueLEDWait	24	static
../Src/AS7421.c:183:6:setInterLED	16	static
../Src/AS7421.c:194:6:configureWaitCycle	24	static
../Src/AS7421.c:210:6:setWaitTime	24	static
../Src/AS7421.c:223:6:configureLEDAuto	24	static
../Src/AS7421.c:241:6:setIntegrationTime	24	static
../Src/AS7421.c:253:6:numMeasurements	16	static
../Src/AS7421.c:264:6:setIntegrationMode	24	static
../Src/AS7421.c:279:6:configureAutozero	32	static
../Src/AS7421.c:308:6:powerup	16	static
../Src/AS7421.c:321:6:reset	16	static
../Src/AS7421.c:329:6:sleep	16	static
../Src/AS7421.c:336:6:writeRAMData	16	static
../Src/AS7421.c:388:6:zeroSMUX	24	static
../Src/AS7421.c:403:6:setSMUX	16	static
../Src/AS7421.c:410:6:setSMUX_A	16	static
../Src/AS7421.c:416:6:setSMUX_B	16	static
../Src/AS7421.c:422:6:setSMUX_C	16	static
../Src/AS7421.c:428:6:setSMUX_D	16	static
../Src/AS7421.c:434:6:configureSMUX	8	static
../Src/AS7421.c:446:6:configureGain	24	static
../Src/AS7421.c:471:6:configureLEDs	24	static
../Src/AS7421.c:497:6:startMeasurements	24	static
../Src/AS7421.c:516:6:stopMeasurements	16	static
../Src/AS7421.c:532:6:mesurementActive	16	static
../Src/AS7421.c:540:6:measurementReady	16	static
../Src/AS7421.c:556:6:getMeasurementStatus	24	static
../Src/AS7421.c:569:10:recordChannelData	24	static
../Src/AS7421.c:579:10:getChannel1	8	static
../Src/AS7421.c:583:10:getChannel48	8	static
../Src/AS7421.c:587:10:getChannel2	8	static
../Src/AS7421.c:591:10:getChannel34	8	static
../Src/AS7421.c:595:10:getChannel16	8	static
../Src/AS7421.c:600:10:getChannel32	8	static
../Src/AS7421.c:604:10:getChannel18	8	static
../Src/AS7421.c:608:10:getChannel51	8	static
../Src/AS7421.c:614:10:getChannel4	8	static
../Src/AS7421.c:618:10:getChannel49	8	static
../Src/AS7421.c:622:10:getChannel3	8	static
../Src/AS7421.c:626:10:getChannel35	8	static
../Src/AS7421.c:631:10:getChannel17	8	static
../Src/AS7421.c:635:10:getChannel33	8	static
../Src/AS7421.c:639:10:getChannel19	8	static
../Src/AS7421.c:643:10:getChannel54	8	static
../Src/AS7421.c:649:10:getChannel0	8	static
../Src/AS7421.c:653:10:getChannel13	8	static
../Src/AS7421.c:657:10:getChannel50	8	static
../Src/AS7421.c:661:10:getChannel63	8	static
../Src/AS7421.c:665:10:getChannel52	8	static
../Src/AS7421.c:669:10:getChannel6	8	static
../Src/AS7421.c:673:10:getChannel38	8	static
../Src/AS7421.c:677:10:getChannel20	8	static
../Src/AS7421.c:683:10:getChannel36	8	static
../Src/AS7421.c:687:10:getChannel22	8	static
../Src/AS7421.c:691:10:getChannel55	8	static
../Src/AS7421.c:695:10:getChannel5	8	static
../Src/AS7421.c:699:10:getChannel53	8	static
../Src/AS7421.c:703:10:getChannel7	8	static
../Src/AS7421.c:707:10:getChannel39	8	static
../Src/AS7421.c:711:10:getChannel21	8	static
../Src/AS7421.c:717:10:getChannel37	8	static
../Src/AS7421.c:721:10:getChannel23	8	static
../Src/AS7421.c:725:10:getChannel40	8	static
../Src/AS7421.c:729:10:getChannel26	8	static
../Src/AS7421.c:733:10:getChannel42	8	static
../Src/AS7421.c:737:10:getChannel24	8	static
../Src/AS7421.c:741:10:getChannel56	8	static
../Src/AS7421.c:745:10:getChannel10	8	static
../Src/AS7421.c:751:10:getChannel58	8	static
../Src/AS7421.c:755:10:getChannel8	8	static
../Src/AS7421.c:759:10:getChannel41	8	static
../Src/AS7421.c:763:10:getChannel27	8	static
../Src/AS7421.c:767:10:getChannel43	8	static
../Src/AS7421.c:771:10:getChannel25	8	static
../Src/AS7421.c:775:10:getChannel57	8	static
../Src/AS7421.c:779:10:getChannel11	8	static
../Src/AS7421.c:785:10:getChannel59	8	static
../Src/AS7421.c:789:10:getChannel9	8	static
../Src/AS7421.c:793:10:getChannel44	8	static
../Src/AS7421.c:797:10:getChannel30	8	static
../Src/AS7421.c:801:10:getChannel46	8	static
../Src/AS7421.c:805:10:getChannel28	8	static
../Src/AS7421.c:809:10:getChannel60	8	static
../Src/AS7421.c:813:10:getChannel14	8	static
../Src/AS7421.c:819:10:getChannel62	8	static
../Src/AS7421.c:823:10:getChannel12	8	static
../Src/AS7421.c:827:10:getChannel45	8	static
../Src/AS7421.c:831:10:getChannel31	8	static
../Src/AS7421.c:835:10:getChannel47	8	static
../Src/AS7421.c:839:10:getChannel29	8	static
../Src/AS7421.c:843:10:getChannel61	8	static
../Src/AS7421.c:847:10:getChannel15	8	static
../Src/AS7421.c:853:6:getAllSpectralData	24	static
../Src/AS7421.c:936:10:recordTemperatures	24	static
../Src/AS7421.c:945:10:getTemp_IntA	8	static
../Src/AS7421.c:949:10:getTemp_IntB	8	static
../Src/AS7421.c:953:10:getTemp_IntC	8	static
../Src/AS7421.c:957:10:getTemp_IntD	8	static
../Src/AS7421.c:962:6:getAllTemperatureData	24	static
