../Src/AS7421.c:12:16:AS7421_readRegister	24	static
../Src/AS7421.c:20:13:AS7421_readRegisters	16	static
../Src/AS7421.c:26:13:AS7421_writeRegister	56	dynamic
../Src/AS7421.c:36:13:AS7421_writeRegisters	16	static
../Src/AS7421.c:47:17:byteSwap16	16	static
../Src/AS7421.c:51:6:fpu_enable	4	static
../Src/AS7421.c:61:6:isConnected	24	static
../Src/AS7421.c:105:6:initialize	8	static
../Src/AS7421.c:134:6:startup	16	static
../Src/AS7421.c:156:6:performMeasurements	24	static
../Src/AS7421.c:174:6:configueLEDWait	24	static
../Src/AS7421.c:190:6:setInterLED	16	static
../Src/AS7421.c:201:6:configureWaitCycle	24	static
../Src/AS7421.c:217:6:setWaitTime	24	static
../Src/AS7421.c:229:6:setLTF_CCOUNT	24	static
../Src/AS7421.c:246:6:configureLEDAuto	24	static
../Src/AS7421.c:264:6:setIntegrationTime	24	static
../Src/AS7421.c:276:6:numMeasurements	16	static
../Src/AS7421.c:287:6:setIntegrationMode	24	static
../Src/AS7421.c:302:6:configureAutozero	32	static
../Src/AS7421.c:331:6:powerup	16	static
../Src/AS7421.c:344:6:reset	16	static
../Src/AS7421.c:352:6:sleep	16	static
../Src/AS7421.c:359:6:writeRAMData	16	static
../Src/AS7421.c:411:6:zeroSMUX	24	static
../Src/AS7421.c:426:6:setSMUX	16	static
../Src/AS7421.c:433:6:setSMUX_A	16	static
../Src/AS7421.c:439:6:setSMUX_B	16	static
../Src/AS7421.c:445:6:setSMUX_C	16	static
../Src/AS7421.c:451:6:setSMUX_D	16	static
../Src/AS7421.c:457:6:configureSMUX	8	static
../Src/AS7421.c:469:6:configureGain	24	static
../Src/AS7421.c:494:6:configureLEDs	24	static
../Src/AS7421.c:520:6:startMeasurements	24	static
../Src/AS7421.c:539:6:stopMeasurements	16	static
../Src/AS7421.c:555:6:measurementActive	16	static
../Src/AS7421.c:563:6:measurementReady	16	static
../Src/AS7421.c:579:6:getMeasurementStatus	24	static
../Src/AS7421.c:592:10:recordChannelData	24	static
../Src/AS7421.c:602:10:getChannel1	8	static
../Src/AS7421.c:606:10:getChannel48	8	static
../Src/AS7421.c:610:10:getChannel2	8	static
../Src/AS7421.c:614:10:getChannel34	8	static
../Src/AS7421.c:618:10:getChannel16	8	static
../Src/AS7421.c:623:10:getChannel32	8	static
../Src/AS7421.c:627:10:getChannel18	8	static
../Src/AS7421.c:631:10:getChannel51	8	static
../Src/AS7421.c:637:10:getChannel4	8	static
../Src/AS7421.c:641:10:getChannel49	8	static
../Src/AS7421.c:645:10:getChannel3	8	static
../Src/AS7421.c:649:10:getChannel35	8	static
../Src/AS7421.c:654:10:getChannel17	8	static
../Src/AS7421.c:658:10:getChannel33	8	static
../Src/AS7421.c:662:10:getChannel19	8	static
../Src/AS7421.c:666:10:getChannel54	8	static
../Src/AS7421.c:672:10:getChannel0	8	static
../Src/AS7421.c:676:10:getChannel13	8	static
../Src/AS7421.c:680:10:getChannel50	8	static
../Src/AS7421.c:684:10:getChannel63	8	static
../Src/AS7421.c:688:10:getChannel52	8	static
../Src/AS7421.c:692:10:getChannel6	8	static
../Src/AS7421.c:696:10:getChannel38	8	static
../Src/AS7421.c:700:10:getChannel20	8	static
../Src/AS7421.c:706:10:getChannel36	8	static
../Src/AS7421.c:710:10:getChannel22	8	static
../Src/AS7421.c:714:10:getChannel55	8	static
../Src/AS7421.c:718:10:getChannel5	8	static
../Src/AS7421.c:722:10:getChannel53	8	static
../Src/AS7421.c:726:10:getChannel7	8	static
../Src/AS7421.c:730:10:getChannel39	8	static
../Src/AS7421.c:734:10:getChannel21	8	static
../Src/AS7421.c:740:10:getChannel37	8	static
../Src/AS7421.c:744:10:getChannel23	8	static
../Src/AS7421.c:748:10:getChannel40	8	static
../Src/AS7421.c:752:10:getChannel26	8	static
../Src/AS7421.c:756:10:getChannel42	8	static
../Src/AS7421.c:760:10:getChannel24	8	static
../Src/AS7421.c:764:10:getChannel56	8	static
../Src/AS7421.c:768:10:getChannel10	8	static
../Src/AS7421.c:774:10:getChannel58	8	static
../Src/AS7421.c:778:10:getChannel8	8	static
../Src/AS7421.c:782:10:getChannel41	8	static
../Src/AS7421.c:786:10:getChannel27	8	static
../Src/AS7421.c:790:10:getChannel43	8	static
../Src/AS7421.c:794:10:getChannel25	8	static
../Src/AS7421.c:798:10:getChannel57	8	static
../Src/AS7421.c:802:10:getChannel11	8	static
../Src/AS7421.c:808:10:getChannel59	8	static
../Src/AS7421.c:812:10:getChannel9	8	static
../Src/AS7421.c:816:10:getChannel44	8	static
../Src/AS7421.c:820:10:getChannel30	8	static
../Src/AS7421.c:824:10:getChannel46	8	static
../Src/AS7421.c:828:10:getChannel28	8	static
../Src/AS7421.c:832:10:getChannel60	8	static
../Src/AS7421.c:836:10:getChannel14	8	static
../Src/AS7421.c:842:10:getChannel62	8	static
../Src/AS7421.c:846:10:getChannel12	8	static
../Src/AS7421.c:850:10:getChannel45	8	static
../Src/AS7421.c:854:10:getChannel31	8	static
../Src/AS7421.c:858:10:getChannel47	8	static
../Src/AS7421.c:862:10:getChannel29	8	static
../Src/AS7421.c:866:10:getChannel61	8	static
../Src/AS7421.c:870:10:getChannel15	8	static
../Src/AS7421.c:876:6:getAllSpectralData	24	static
../Src/AS7421.c:959:10:recordTemperatures	24	static
../Src/AS7421.c:968:10:getTemp_IntA	8	static
../Src/AS7421.c:972:10:getTemp_IntB	8	static
../Src/AS7421.c:976:10:getTemp_IntC	8	static
../Src/AS7421.c:980:10:getTemp_IntD	8	static
../Src/AS7421.c:985:6:getAllTemperatureData	24	static
